Archive member included to satisfy reference by file (symbol)

d:/stm32cubeide/stm32cubeide_1.3.0/stm32cubeide/plugins/com.st.stm32cube.ide.mcu.externaltools.gnu-tools-for-stm32.7-2018-q2-update.win32_1.0.0.201904181610/tools/bin/../lib/gcc/arm-none-eabi/7.3.1/../../../../arm-none-eabi/lib/thumb/v7e-m/fpv4-sp/hard\libc_nano.a(lib_a-errno.o)
                              Core/Src/syscalls.o (__errno)
d:/stm32cubeide/stm32cubeide_1.3.0/stm32cubeide/plugins/com.st.stm32cube.ide.mcu.externaltools.gnu-tools-for-stm32.7-2018-q2-update.win32_1.0.0.201904181610/tools/bin/../lib/gcc/arm-none-eabi/7.3.1/../../../../arm-none-eabi/lib/thumb/v7e-m/fpv4-sp/hard\libc_nano.a(lib_a-exit.o)
                              d:/stm32cubeide/stm32cubeide_1.3.0/stm32cubeide/plugins/com.st.stm32cube.ide.mcu.externaltools.gnu-tools-for-stm32.7-2018-q2-update.win32_1.0.0.201904181610/tools/bin/../lib/gcc/arm-none-eabi/7.3.1/../../../../arm-none-eabi/lib/thumb/v7e-m/fpv4-sp/hard/crt0.o (exit)
d:/stm32cubeide/stm32cubeide_1.3.0/stm32cubeide/plugins/com.st.stm32cube.ide.mcu.externaltools.gnu-tools-for-stm32.7-2018-q2-update.win32_1.0.0.201904181610/tools/bin/../lib/gcc/arm-none-eabi/7.3.1/../../../../arm-none-eabi/lib/thumb/v7e-m/fpv4-sp/hard\libc_nano.a(lib_a-impure.o)
                              d:/stm32cubeide/stm32cubeide_1.3.0/stm32cubeide/plugins/com.st.stm32cube.ide.mcu.externaltools.gnu-tools-for-stm32.7-2018-q2-update.win32_1.0.0.201904181610/tools/bin/../lib/gcc/arm-none-eabi/7.3.1/../../../../arm-none-eabi/lib/thumb/v7e-m/fpv4-sp/hard\libc_nano.a(lib_a-exit.o) (_global_impure_ptr)
d:/stm32cubeide/stm32cubeide_1.3.0/stm32cubeide/plugins/com.st.stm32cube.ide.mcu.externaltools.gnu-tools-for-stm32.7-2018-q2-update.win32_1.0.0.201904181610/tools/bin/../lib/gcc/arm-none-eabi/7.3.1/../../../../arm-none-eabi/lib/thumb/v7e-m/fpv4-sp/hard\libc_nano.a(lib_a-init.o)
                              d:/stm32cubeide/stm32cubeide_1.3.0/stm32cubeide/plugins/com.st.stm32cube.ide.mcu.externaltools.gnu-tools-for-stm32.7-2018-q2-update.win32_1.0.0.201904181610/tools/bin/../lib/gcc/arm-none-eabi/7.3.1/../../../../arm-none-eabi/lib/thumb/v7e-m/fpv4-sp/hard/crt0.o (__libc_init_array)
d:/stm32cubeide/stm32cubeide_1.3.0/stm32cubeide/plugins/com.st.stm32cube.ide.mcu.externaltools.gnu-tools-for-stm32.7-2018-q2-update.win32_1.0.0.201904181610/tools/bin/../lib/gcc/arm-none-eabi/7.3.1/../../../../arm-none-eabi/lib/thumb/v7e-m/fpv4-sp/hard\libc_nano.a(lib_a-malloc.o)
                              Middlewares/ST/STM32_USB_Device_Library/Class/HID/Src/usbd_hid.o (malloc)
d:/stm32cubeide/stm32cubeide_1.3.0/stm32cubeide/plugins/com.st.stm32cube.ide.mcu.externaltools.gnu-tools-for-stm32.7-2018-q2-update.win32_1.0.0.201904181610/tools/bin/../lib/gcc/arm-none-eabi/7.3.1/../../../../arm-none-eabi/lib/thumb/v7e-m/fpv4-sp/hard\libc_nano.a(lib_a-memset.o)
                              d:/stm32cubeide/stm32cubeide_1.3.0/stm32cubeide/plugins/com.st.stm32cube.ide.mcu.externaltools.gnu-tools-for-stm32.7-2018-q2-update.win32_1.0.0.201904181610/tools/bin/../lib/gcc/arm-none-eabi/7.3.1/../../../../arm-none-eabi/lib/thumb/v7e-m/fpv4-sp/hard/crt0.o (memset)
d:/stm32cubeide/stm32cubeide_1.3.0/stm32cubeide/plugins/com.st.stm32cube.ide.mcu.externaltools.gnu-tools-for-stm32.7-2018-q2-update.win32_1.0.0.201904181610/tools/bin/../lib/gcc/arm-none-eabi/7.3.1/../../../../arm-none-eabi/lib/thumb/v7e-m/fpv4-sp/hard\libc_nano.a(lib_a-nano-freer.o)
                              d:/stm32cubeide/stm32cubeide_1.3.0/stm32cubeide/plugins/com.st.stm32cube.ide.mcu.externaltools.gnu-tools-for-stm32.7-2018-q2-update.win32_1.0.0.201904181610/tools/bin/../lib/gcc/arm-none-eabi/7.3.1/../../../../arm-none-eabi/lib/thumb/v7e-m/fpv4-sp/hard\libc_nano.a(lib_a-malloc.o) (_free_r)
d:/stm32cubeide/stm32cubeide_1.3.0/stm32cubeide/plugins/com.st.stm32cube.ide.mcu.externaltools.gnu-tools-for-stm32.7-2018-q2-update.win32_1.0.0.201904181610/tools/bin/../lib/gcc/arm-none-eabi/7.3.1/../../../../arm-none-eabi/lib/thumb/v7e-m/fpv4-sp/hard\libc_nano.a(lib_a-nano-mallocr.o)
                              d:/stm32cubeide/stm32cubeide_1.3.0/stm32cubeide/plugins/com.st.stm32cube.ide.mcu.externaltools.gnu-tools-for-stm32.7-2018-q2-update.win32_1.0.0.201904181610/tools/bin/../lib/gcc/arm-none-eabi/7.3.1/../../../../arm-none-eabi/lib/thumb/v7e-m/fpv4-sp/hard\libc_nano.a(lib_a-malloc.o) (_malloc_r)
d:/stm32cubeide/stm32cubeide_1.3.0/stm32cubeide/plugins/com.st.stm32cube.ide.mcu.externaltools.gnu-tools-for-stm32.7-2018-q2-update.win32_1.0.0.201904181610/tools/bin/../lib/gcc/arm-none-eabi/7.3.1/../../../../arm-none-eabi/lib/thumb/v7e-m/fpv4-sp/hard\libc_nano.a(lib_a-sbrkr.o)
                              d:/stm32cubeide/stm32cubeide_1.3.0/stm32cubeide/plugins/com.st.stm32cube.ide.mcu.externaltools.gnu-tools-for-stm32.7-2018-q2-update.win32_1.0.0.201904181610/tools/bin/../lib/gcc/arm-none-eabi/7.3.1/../../../../arm-none-eabi/lib/thumb/v7e-m/fpv4-sp/hard\libc_nano.a(lib_a-nano-mallocr.o) (_sbrk_r)
[...]
Memory Configuration

Name             Origin             Length             Attributes
RAM              0x0000000020000000 0x0000000000020000 xrw
FLASH            0x0000000008000000 0x0000000000080000 xr
*default*        0x0000000000000000 0xffffffffffffffff

Linker script and memory map

LOAD d:/stm32cubeide/stm32cubeide_1.3.0/stm32cubeide/plugins/com.st.stm32cube.ide.mcu.externaltools.gnu-tools-for-stm32.7-2018-q2-update.win32_1.0.0.201904181610/tools/bin/../lib/gcc/arm-none-eabi/7.3.1/thumb/v7e-m/fpv4-sp/hard/crti.o
LOAD d:/stm32cubeide/stm32cubeide_1.3.0/stm32cubeide/plugins/com.st.stm32cube.ide.mcu.externaltools.gnu-tools-for-stm32.7-2018-q2-update.win32_1.0.0.201904181610/tools/bin/../lib/gcc/arm-none-eabi/7.3.1/thumb/v7e-m/fpv4-sp/hard/crtbegin.o
LOAD d:/stm32cubeide/stm32cubeide_1.3.0/stm32cubeide/plugins/com.st.stm32cube.ide.mcu.externaltools.gnu-tools-for-stm32.7-2018-q2-update.win32_1.0.0.201904181610/tools/bin/../lib/gcc/arm-none-eabi/7.3.1/../../../../arm-none-eabi/lib/thumb/v7e-m/fpv4-sp/hard/crt0.o
LOAD Core/Src/action.o
LOAD Core/Src/gpio.o
LOAD Core/Src/keyboard.o
LOAD Core/Src/main.o
LOAD Core/Src/matrix.o
LOAD Core/Src/my_keymap_plain.o
LOAD Core/Src/stm32f4xx_hal_msp.o
LOAD Core/Src/stm32f4xx_it.o
LOAD Core/Src/syscalls.o
LOAD Core/Src/sysmem.o
LOAD Core/Src/system_stm32f4xx.o
LOAD Core/Startup/startup_stm32f411ceux.o
LOAD Drivers/STM32F4xx_HAL_Driver/Src/stm32f4xx_hal.o
LOAD Drivers/STM32F4xx_HAL_Driver/Src/stm32f4xx_hal_cortex.o
LOAD Drivers/STM32F4xx_HAL_Driver/Src/stm32f4xx_hal_dma.o
LOAD Drivers/STM32F4xx_HAL_Driver/Src/stm32f4xx_hal_dma_ex.o
LOAD Drivers/STM32F4xx_HAL_Driver/Src/stm32f4xx_hal_exti.o
LOAD Drivers/STM32F4xx_HAL_Driver/Src/stm32f4xx_hal_flash.o
LOAD Drivers/STM32F4xx_HAL_Driver/Src/stm32f4xx_hal_flash_ex.o
LOAD Drivers/STM32F4xx_HAL_Driver/Src/stm32f4xx_hal_flash_ramfunc.o
LOAD Drivers/STM32F4xx_HAL_Driver/Src/stm32f4xx_hal_gpio.o
LOAD Drivers/STM32F4xx_HAL_Driver/Src/stm32f4xx_hal_pcd.o
LOAD Drivers/STM32F4xx_HAL_Driver/Src/stm32f4xx_hal_pcd_ex.o
LOAD Drivers/STM32F4xx_HAL_Driver/Src/stm32f4xx_hal_pwr.o
LOAD Drivers/STM32F4xx_HAL_Driver/Src/stm32f4xx_hal_pwr_ex.o
LOAD Drivers/STM32F4xx_HAL_Driver/Src/stm32f4xx_hal_rcc.o
LOAD Drivers/STM32F4xx_HAL_Driver/Src/stm32f4xx_hal_rcc_ex.o
LOAD Drivers/STM32F4xx_HAL_Driver/Src/stm32f4xx_hal_tim.o
LOAD Drivers/STM32F4xx_HAL_Driver/Src/stm32f4xx_hal_tim_ex.o
LOAD Drivers/STM32F4xx_HAL_Driver/Src/stm32f4xx_ll_usb.o
LOAD Middlewares/ST/STM32_USB_Device_Library/Class/HID/Src/usbd_hid.o
LOAD Middlewares/ST/STM32_USB_Device_Library/Core/Src/usbd_core.o
LOAD Middlewares/ST/STM32_USB_Device_Library/Core/Src/usbd_ctlreq.o
LOAD Middlewares/ST/STM32_USB_Device_Library/Core/Src/usbd_ioreq.o
LOAD USB_DEVICE/App/usb_device.o
LOAD USB_DEVICE/App/usbd_desc.o
LOAD USB_DEVICE/Target/usbd_conf.o
START GROUP
LOAD d:/stm32cubeide/stm32cubeide_1.3.0/stm32cubeide/plugins/com.st.stm32cube.ide.mcu.externaltools.gnu-tools-for-stm32.7-2018-q2-update.win32_1.0.0.201904181610/tools/bin/../lib/gcc/arm-none-eabi/7.3.1/../../../../arm-none-eabi/lib/thumb/v7e-m/fpv4-sp/hard\libc_nano.a
LOAD d:/stm32cubeide/stm32cubeide_1.3.0/stm32cubeide/plugins/com.st.stm32cube.ide.mcu.externaltools.gnu-tools-for-stm32.7-2018-q2-update.win32_1.0.0.201904181610/tools/bin/../lib/gcc/arm-none-eabi/7.3.1/../../../../arm-none-eabi/lib/thumb/v7e-m/fpv4-sp/hard\libm.a
END GROUP
START GROUP
LOAD d:/stm32cubeide/stm32cubeide_1.3.0/stm32cubeide/plugins/com.st.stm32cube.ide.mcu.externaltools.gnu-tools-for-stm32.7-2018-q2-update.win32_1.0.0.201904181610/tools/bin/../lib/gcc/arm-none-eabi/7.3.1/thumb/v7e-m/fpv4-sp/hard\libgcc.a
LOAD d:/stm32cubeide/stm32cubeide_1.3.0/stm32cubeide/plugins/com.st.stm32cube.ide.mcu.externaltools.gnu-tools-for-stm32.7-2018-q2-update.win32_1.0.0.201904181610/tools/bin/../lib/gcc/arm-none-eabi/7.3.1/../../../../arm-none-eabi/lib/thumb/v7e-m/fpv4-sp/hard\libc_nano.a
END GROUP
START GROUP
LOAD d:/stm32cubeide/stm32cubeide_1.3.0/stm32cubeide/plugins/com.st.stm32cube.ide.mcu.externaltools.gnu-tools-for-stm32.7-2018-q2-update.win32_1.0.0.201904181610/tools/bin/../lib/gcc/arm-none-eabi/7.3.1/thumb/v7e-m/fpv4-sp/hard\libgcc.a
LOAD d:/stm32cubeide/stm32cubeide_1.3.0/stm32cubeide/plugins/com.st.stm32cube.ide.mcu.externaltools.gnu-tools-for-stm32.7-2018-q2-update.win32_1.0.0.201904181610/tools/bin/../lib/gcc/arm-none-eabi/7.3.1/../../../../arm-none-eabi/lib/thumb/v7e-m/fpv4-sp/hard\libc_nano.a
LOAD d:/stm32cubeide/stm32cubeide_1.3.0/stm32cubeide/plugins/com.st.stm32cube.ide.mcu.externaltools.gnu-tools-for-stm32.7-2018-q2-update.win32_1.0.0.201904181610/tools/bin/../lib/gcc/arm-none-eabi/7.3.1/../../../../arm-none-eabi/lib/thumb/v7e-m/fpv4-sp/hard\libnosys.a
END GROUP
START GROUP
LOAD d:/stm32cubeide/stm32cubeide_1.3.0/stm32cubeide/plugins/com.st.stm32cube.ide.mcu.externaltools.gnu-tools-for-stm32.7-2018-q2-update.win32_1.0.0.201904181610/tools/bin/../lib/gcc/arm-none-eabi/7.3.1/thumb/v7e-m/fpv4-sp/hard\libgcc.a
LOAD d:/stm32cubeide/stm32cubeide_1.3.0/stm32cubeide/plugins/com.st.stm32cube.ide.mcu.externaltools.gnu-tools-for-stm32.7-2018-q2-update.win32_1.0.0.201904181610/tools/bin/../lib/gcc/arm-none-eabi/7.3.1/../../../../arm-none-eabi/lib/thumb/v7e-m/fpv4-sp/hard\libc_nano.a
LOAD d:/stm32cubeide/stm32cubeide_1.3.0/stm32cubeide/plugins/com.st.stm32cube.ide.mcu.externaltools.gnu-tools-for-stm32.7-2018-q2-update.win32_1.0.0.201904181610/tools/bin/../lib/gcc/arm-none-eabi/7.3.1/../../../../arm-none-eabi/lib/thumb/v7e-m/fpv4-sp/hard\libnosys.a
END GROUP
LOAD d:/stm32cubeide/stm32cubeide_1.3.0/stm32cubeide/plugins/com.st.stm32cube.ide.mcu.externaltools.gnu-tools-for-stm32.7-2018-q2-update.win32_1.0.0.201904181610/tools/bin/../lib/gcc/arm-none-eabi/7.3.1/thumb/v7e-m/fpv4-sp/hard/crtend.o
LOAD d:/stm32cubeide/stm32cubeide_1.3.0/stm32cubeide/plugins/com.st.stm32cube.ide.mcu.externaltools.gnu-tools-for-stm32.7-2018-q2-update.win32_1.0.0.201904181610/tools/bin/../lib/gcc/arm-none-eabi/7.3.1/thumb/v7e-m/fpv4-sp/hard/crtn.o
                0x0000000020020000                _estack = (ORIGIN (RAM) + LENGTH (RAM))
                0x0000000000000400                _Min_Heap_Size = 0x400
                0x0000000000000400                _Min_Stack_Size = 0x400

.isr_vector     0x0000000008000000      0x198
                0x0000000008000000                . = ALIGN (0x4)
 *(.isr_vector)
 .isr_vector    0x0000000008000000      0x198 Core/Startup/startup_stm32f411ceux.o
                0x0000000008000000                g_pfnVectors
                0x0000000008000198                . = ALIGN (0x4)

.text           0x0000000008000198     0x6970
                0x0000000008000198                . = ALIGN (0x4)
 *(.text)
 .text          0x0000000008000198       0x40 d:/stm32cubeide/stm32cubeide_1.3.0/stm32cubeide/plugins/com.st.stm32cube.ide.mcu.externaltools.gnu-tools-for-stm32.7-2018-q2-update.win32_1.0.0.201904181610/tools/bin/../lib/gcc/arm-none-eabi/7.3.1/thumb/v7e-m/fpv4-sp/hard/crtbegin.o
 .text          0x00000000080001d8       0x30 d:/stm32cubeide/stm32cubeide_1.3.0/stm32cubeide/plugins/com.st.stm32cube.ide.mcu.externaltools.gnu-tools-for-stm32.7-2018-q2-update.win32_1.0.0.201904181610/tools/bin/../lib/gcc/arm-none-eabi/7.3.1/thumb/v7e-m/fpv4-sp/hard\libgcc.a(_aeabi_uldivmod.o)
                0x00000000080001d8                __aeabi_uldivmod
 .text          0x0000000008000208      0x2cc d:/stm32cubeide/stm32cubeide_1.3.0/stm32cubeide/plugins/com.st.stm32cube.ide.mcu.externaltools.gnu-tools-for-stm32.7-2018-q2-update.win32_1.0.0.201904181610/tools/bin/../lib/gcc/arm-none-eabi/7.3.1/thumb/v7e-m/fpv4-sp/hard\libgcc.a(_udivmoddi4.o)
                0x0000000008000208                __udivmoddi4
 .text          0x00000000080004d4        0x4 d:/stm32cubeide/stm32cubeide_1.3.0/stm32cubeide/plugins/com.st.stm32cube.ide.mcu.externaltools.gnu-tools-for-stm32.7-2018-q2-update.win32_1.0.0.201904181610/tools/bin/../lib/gcc/arm-none-eabi/7.3.1/thumb/v7e-m/fpv4-sp/hard\libgcc.a(_dvmd_tls.o)
                0x00000000080004d4                __aeabi_idiv0
                0x00000000080004d4                __aeabi_ldiv0
 *(.text*)
 .text.IS_NOEVENT
                0x00000000080004d8       0x36 Core/Src/action.o
 *fill*         0x000000000800050e        0x2 
 .text.send_keyboard_report
                0x0000000008000510       0x20 Core/Src/action.o
                0x0000000008000510                send_keyboard_report
 .text.switch_layer
                0x0000000008000530       0x28 Core/Src/action.o
                0x0000000008000530                switch_layer
 .text.action_exec
                0x0000000008000558       0x64 Core/Src/action.o
                0x0000000008000558                action_exec
 .text.register_code
                0x00000000080005bc       0x50 Core/Src/action.o
                0x00000000080005bc                register_code
 .text.unregister_code
                0x000000000800060c       0x50 Core/Src/action.o
                0x000000000800060c                unregister_code
 .text.add_key  0x000000000800065c      0x21c Core/Src/action.o
                0x000000000800065c                add_key
 .text.del_key  0x0000000008000878      0x1a4 Core/Src/action.o
                0x0000000008000878                del_key
 .text.add_mods
                0x0000000008000a1c       0x2c Core/Src/action.o
                0x0000000008000a1c                add_mods
 .text.del_mods
                0x0000000008000a48       0x2c Core/Src/action.o
                0x0000000008000a48                del_mods
 .text.MX_GPIO_Init
                0x0000000008000a74      0x174 Core/Src/gpio.o
                0x0000000008000a74                MX_GPIO_Init
 .text.keyboard_init
                0x0000000008000be8        0xc Core/Src/keyboard.o
                0x0000000008000be8                keyboard_init
 .text.keyboard_task
                0x0000000008000bf4       0xe0 Core/Src/keyboard.o
                0x0000000008000bf4                keyboard_task
 .text.main     0x0000000008000cd4       0x3c Core/Src/main.o
                0x0000000008000cd4                main
 .text.SystemClock_Config
                0x0000000008000d10       0xd0 Core/Src/main.o
                0x0000000008000d10                SystemClock_Config
 .text.Error_Handler
                0x0000000008000de0        0xe Core/Src/main.o
                0x0000000008000de0                Error_Handler
 *fill*         0x0000000008000dee        0x2 
 .text.matrix_init
                0x0000000008000df0       0x40 Core/Src/matrix.o
                0x0000000008000df0                matrix_init
 .text.matrix_scan
                0x0000000008000e30       0xb0 Core/Src/matrix.o
                0x0000000008000e30                matrix_scan
 .text.matrix_get_row
                0x0000000008000ee0       0x24 Core/Src/matrix.o
                0x0000000008000ee0                matrix_get_row
 .text.read_cols
                0x0000000008000f04      0x1a4 Core/Src/matrix.o
                0x0000000008000f04                read_cols
 .text.unselect_rows
                0x00000000080010a8       0x90 Core/Src/matrix.o
 .text.select_row
                0x0000000008001138       0x90 Core/Src/matrix.o
 .text.keymap_key_to_keycode
                0x00000000080011c8       0x3c Core/Src/my_keymap_plain.o
                0x00000000080011c8                keymap_key_to_keycode
 .text.HAL_MspInit
                0x0000000008001204       0x50 Core/Src/stm32f4xx_hal_msp.o
                0x0000000008001204                HAL_MspInit
 .text.NMI_Handler
                0x0000000008001254        0xe Core/Src/stm32f4xx_it.o
                0x0000000008001254                NMI_Handler
 .text.HardFault_Handler
                0x0000000008001262        0x6 Core/Src/stm32f4xx_it.o
                0x0000000008001262                HardFault_Handler
 .text.MemManage_Handler
                0x0000000008001268        0x6 Core/Src/stm32f4xx_it.o
                0x0000000008001268                MemManage_Handler
 .text.BusFault_Handler
                0x000000000800126e        0x6 Core/Src/stm32f4xx_it.o
                0x000000000800126e                BusFault_Handler
 .text.UsageFault_Handler
                0x0000000008001274        0x6 Core/Src/stm32f4xx_it.o
                0x0000000008001274                UsageFault_Handler
 .text.SVC_Handler
                0x000000000800127a        0xe Core/Src/stm32f4xx_it.o
                0x000000000800127a                SVC_Handler
 .text.DebugMon_Handler
                0x0000000008001288        0xe Core/Src/stm32f4xx_it.o
                0x0000000008001288                DebugMon_Handler
 .text.PendSV_Handler
                0x0000000008001296        0xe Core/Src/stm32f4xx_it.o
                0x0000000008001296                PendSV_Handler
 .text.SysTick_Handler
                0x00000000080012a4        0xc Core/Src/stm32f4xx_it.o
                0x00000000080012a4                SysTick_Handler
 .text.OTG_FS_IRQHandler
                0x00000000080012b0       0x14 Core/Src/stm32f4xx_it.o
                0x00000000080012b0                OTG_FS_IRQHandler
 .text._sbrk    0x00000000080012c4       0x58 Core/Src/sysmem.o
                0x00000000080012c4                _sbrk
 .text.SystemInit
                0x000000000800131c       0x2c Core/Src/system_stm32f4xx.o
                0x000000000800131c                SystemInit
 .text.Reset_Handler
                0x0000000008001348       0x50 Core/Startup/startup_stm32f411ceux.o
                0x0000000008001348                Reset_Handler
 .text.Default_Handler
                0x0000000008001398        0x2 Core/Startup/startup_stm32f411ceux.o
                0x0000000008001398                RTC_Alarm_IRQHandler
                0x0000000008001398                EXTI2_IRQHandler
                0x0000000008001398                SPI4_IRQHandler
                0x0000000008001398                TIM1_CC_IRQHandler
                0x0000000008001398                DMA2_Stream5_IRQHandler
                0x0000000008001398                DMA1_Stream5_IRQHandler
                0x0000000008001398                PVD_IRQHandler
                0x0000000008001398                SDIO_IRQHandler
                0x0000000008001398                TAMP_STAMP_IRQHandler
                0x0000000008001398                EXTI3_IRQHandler
                0x0000000008001398                TIM1_UP_TIM10_IRQHandler
                0x0000000008001398                I2C3_ER_IRQHandler
                0x0000000008001398                EXTI0_IRQHandler
                0x0000000008001398                I2C2_EV_IRQHandler
                0x0000000008001398                DMA1_Stream2_IRQHandler
                0x0000000008001398                FPU_IRQHandler
                0x0000000008001398                DMA2_Stream2_IRQHandler
                0x0000000008001398                SPI1_IRQHandler
                0x0000000008001398                TIM1_BRK_TIM9_IRQHandler
                0x0000000008001398                DMA2_Stream3_IRQHandler
                0x0000000008001398                USART6_IRQHandler
                0x0000000008001398                DMA2_Stream0_IRQHandler
                0x0000000008001398                TIM4_IRQHandler
                0x0000000008001398                I2C1_EV_IRQHandler
                0x0000000008001398                DMA1_Stream6_IRQHandler
                0x0000000008001398                DMA1_Stream1_IRQHandler
                0x0000000008001398                TIM3_IRQHandler
                0x0000000008001398                RCC_IRQHandler
                0x0000000008001398                Default_Handler
                0x0000000008001398                EXTI15_10_IRQHandler
                0x0000000008001398                ADC_IRQHandler
                0x0000000008001398                DMA1_Stream7_IRQHandler
                0x0000000008001398                SPI5_IRQHandler
                0x0000000008001398                TIM5_IRQHandler
                0x0000000008001398                DMA2_Stream7_IRQHandler
                0x0000000008001398                I2C3_EV_IRQHandler
                0x0000000008001398                EXTI9_5_IRQHandler
                0x0000000008001398                RTC_WKUP_IRQHandler
                0x0000000008001398                SPI2_IRQHandler
                0x0000000008001398                DMA1_Stream0_IRQHandler
                0x0000000008001398                EXTI4_IRQHandler
                0x0000000008001398                WWDG_IRQHandler
                0x0000000008001398                TIM2_IRQHandler
                0x0000000008001398                OTG_FS_WKUP_IRQHandler
                0x0000000008001398                TIM1_TRG_COM_TIM11_IRQHandler
                0x0000000008001398                EXTI1_IRQHandler
                0x0000000008001398                USART2_IRQHandler
                0x0000000008001398                I2C2_ER_IRQHandler
                0x0000000008001398                DMA2_Stream1_IRQHandler
                0x0000000008001398                FLASH_IRQHandler
                0x0000000008001398                DMA2_Stream4_IRQHandler
                0x0000000008001398                USART1_IRQHandler
                0x0000000008001398                SPI3_IRQHandler
                0x0000000008001398                DMA1_Stream4_IRQHandler
                0x0000000008001398                I2C1_ER_IRQHandler
                0x0000000008001398                DMA2_Stream6_IRQHandler
                0x0000000008001398                DMA1_Stream3_IRQHandler
 *fill*         0x000000000800139a        0x2 
 .text.HAL_Init
                0x000000000800139c       0x44 Drivers/STM32F4xx_HAL_Driver/Src/stm32f4xx_hal.o
                0x000000000800139c                HAL_Init
 .text.HAL_InitTick
                0x00000000080013e0       0x60 Drivers/STM32F4xx_HAL_Driver/Src/stm32f4xx_hal.o
                0x00000000080013e0                HAL_InitTick
 .text.HAL_IncTick
                0x0000000008001440       0x28 Drivers/STM32F4xx_HAL_Driver/Src/stm32f4xx_hal.o
                0x0000000008001440                HAL_IncTick
 .text.HAL_GetTick
                0x0000000008001468       0x18 Drivers/STM32F4xx_HAL_Driver/Src/stm32f4xx_hal.o
                0x0000000008001468                HAL_GetTick
 .text.HAL_Delay
                0x0000000008001480       0x44 Drivers/STM32F4xx_HAL_Driver/Src/stm32f4xx_hal.o
                0x0000000008001480                HAL_Delay
 .text.__NVIC_SetPriorityGrouping
                0x00000000080014c4       0x48 Drivers/STM32F4xx_HAL_Driver/Src/stm32f4xx_hal_cortex.o
 .text.__NVIC_GetPriorityGrouping
                0x000000000800150c       0x1c Drivers/STM32F4xx_HAL_Driver/Src/stm32f4xx_hal_cortex.o
 .text.__NVIC_EnableIRQ
                0x0000000008001528       0x3c Drivers/STM32F4xx_HAL_Driver/Src/stm32f4xx_hal_cortex.o
 .text.__NVIC_SetPriority
                0x0000000008001564       0x54 Drivers/STM32F4xx_HAL_Driver/Src/stm32f4xx_hal_cortex.o
 .text.NVIC_EncodePriority
                0x00000000080015b8       0x66 Drivers/STM32F4xx_HAL_Driver/Src/stm32f4xx_hal_cortex.o
 *fill*         0x000000000800161e        0x2 
 .text.SysTick_Config
                0x0000000008001620       0x44 Drivers/STM32F4xx_HAL_Driver/Src/stm32f4xx_hal_cortex.o
 .text.HAL_NVIC_SetPriorityGrouping
                0x0000000008001664       0x16 Drivers/STM32F4xx_HAL_Driver/Src/stm32f4xx_hal_cortex.o
                0x0000000008001664                HAL_NVIC_SetPriorityGrouping
 .text.HAL_NVIC_SetPriority
                0x000000000800167a       0x38 Drivers/STM32F4xx_HAL_Driver/Src/stm32f4xx_hal_cortex.o
                0x000000000800167a                HAL_NVIC_SetPriority
 .text.HAL_NVIC_EnableIRQ
                0x00000000080016b2       0x1c Drivers/STM32F4xx_HAL_Driver/Src/stm32f4xx_hal_cortex.o
                0x00000000080016b2                HAL_NVIC_EnableIRQ
 .text.HAL_SYSTICK_Config
                0x00000000080016ce       0x18 Drivers/STM32F4xx_HAL_Driver/Src/stm32f4xx_hal_cortex.o
                0x00000000080016ce                HAL_SYSTICK_Config
 *fill*         0x00000000080016e6        0x2 
 .text.HAL_GPIO_Init
                0x00000000080016e8      0x304 Drivers/STM32F4xx_HAL_Driver/Src/stm32f4xx_hal_gpio.o
                0x00000000080016e8                HAL_GPIO_Init
 .text.HAL_GPIO_ReadPin
                0x00000000080019ec       0x30 Drivers/STM32F4xx_HAL_Driver/Src/stm32f4xx_hal_gpio.o
                0x00000000080019ec                HAL_GPIO_ReadPin
 .text.HAL_GPIO_WritePin
                0x0000000008001a1c       0x32 Drivers/STM32F4xx_HAL_Driver/Src/stm32f4xx_hal_gpio.o
                0x0000000008001a1c                HAL_GPIO_WritePin
 .text.HAL_PCD_Init
                0x0000000008001a4e      0x23a Drivers/STM32F4xx_HAL_Driver/Src/stm32f4xx_hal_pcd.o
                0x0000000008001a4e                HAL_PCD_Init
 .text.HAL_PCD_Start
                0x0000000008001c88       0x66 Drivers/STM32F4xx_HAL_Driver/Src/stm32f4xx_hal_pcd.o
                0x0000000008001c88                HAL_PCD_Start
 .text.HAL_PCD_IRQHandler
                0x0000000008001cee      0x764 Drivers/STM32F4xx_HAL_Driver/Src/stm32f4xx_hal_pcd.o
                0x0000000008001cee                HAL_PCD_IRQHandler
 .text.HAL_PCD_SetAddress
                0x0000000008002452       0x4a Drivers/STM32F4xx_HAL_Driver/Src/stm32f4xx_hal_pcd.o
                0x0000000008002452                HAL_PCD_SetAddress
 .text.HAL_PCD_EP_Open
                0x000000000800249c       0xd0 Drivers/STM32F4xx_HAL_Driver/Src/stm32f4xx_hal_pcd.o
                0x000000000800249c                HAL_PCD_EP_Open
 .text.HAL_PCD_EP_Close
                0x000000000800256c       0x94 Drivers/STM32F4xx_HAL_Driver/Src/stm32f4xx_hal_pcd.o
                0x000000000800256c                HAL_PCD_EP_Close
 .text.HAL_PCD_EP_Receive
                0x0000000008002600       0x96 Drivers/STM32F4xx_HAL_Driver/Src/stm32f4xx_hal_pcd.o
                0x0000000008002600                HAL_PCD_EP_Receive
 .text.HAL_PCD_EP_Transmit
                0x0000000008002696       0x94 Drivers/STM32F4xx_HAL_Driver/Src/stm32f4xx_hal_pcd.o
                0x0000000008002696                HAL_PCD_EP_Transmit
 .text.HAL_PCD_EP_SetStall
                0x000000000800272a       0xc8 Drivers/STM32F4xx_HAL_Driver/Src/stm32f4xx_hal_pcd.o
                0x000000000800272a                HAL_PCD_EP_SetStall
 .text.HAL_PCD_EP_ClrStall
                0x00000000080027f2       0xac Drivers/STM32F4xx_HAL_Driver/Src/stm32f4xx_hal_pcd.o
                0x00000000080027f2                HAL_PCD_EP_ClrStall
 .text.PCD_WriteEmptyTxFifo
                0x000000000800289e      0x11a Drivers/STM32F4xx_HAL_Driver/Src/stm32f4xx_hal_pcd.o
 .text.PCD_EP_OutXfrComplete_int
                0x00000000080029b8      0x218 Drivers/STM32F4xx_HAL_Driver/Src/stm32f4xx_hal_pcd.o
 .text.PCD_EP_OutSetupPacket_int
                0x0000000008002bd0       0x8c Drivers/STM32F4xx_HAL_Driver/Src/stm32f4xx_hal_pcd.o
 .text.HAL_PCDEx_SetTxFiFo
                0x0000000008002c5c       0x8e Drivers/STM32F4xx_HAL_Driver/Src/stm32f4xx_hal_pcd_ex.o
                0x0000000008002c5c                HAL_PCDEx_SetTxFiFo
 .text.HAL_PCDEx_SetRxFiFo
                0x0000000008002cea       0x22 Drivers/STM32F4xx_HAL_Driver/Src/stm32f4xx_hal_pcd_ex.o
                0x0000000008002cea                HAL_PCDEx_SetRxFiFo
 .text.HAL_PCDEx_LPM_Callback
                0x0000000008002d0c       0x18 Drivers/STM32F4xx_HAL_Driver/Src/stm32f4xx_hal_pcd_ex.o
                0x0000000008002d0c                HAL_PCDEx_LPM_Callback
 .text.HAL_RCC_OscConfig
                0x0000000008002d24      0x4e0 Drivers/STM32F4xx_HAL_Driver/Src/stm32f4xx_hal_rcc.o
                0x0000000008002d24                HAL_RCC_OscConfig
 .text.HAL_RCC_ClockConfig
                0x0000000008003204      0x1cc Drivers/STM32F4xx_HAL_Driver/Src/stm32f4xx_hal_rcc.o
                0x0000000008003204                HAL_RCC_ClockConfig
 .text.HAL_RCC_GetSysClockFreq
                0x00000000080033d0      0x164 Drivers/STM32F4xx_HAL_Driver/Src/stm32f4xx_hal_rcc.o
                0x00000000080033d0                HAL_RCC_GetSysClockFreq
 .text.HAL_RCC_GetHCLKFreq
                0x0000000008003534       0x18 Drivers/STM32F4xx_HAL_Driver/Src/stm32f4xx_hal_rcc.o
                0x0000000008003534                HAL_RCC_GetHCLKFreq
 .text.USB_CoreInit
                0x000000000800354c       0xc2 Drivers/STM32F4xx_HAL_Driver/Src/stm32f4xx_ll_usb.o
                0x000000000800354c                USB_CoreInit
 *fill*         0x000000000800360e        0x2 
 .text.USB_SetTurnaroundTime
                0x0000000008003610      0x144 Drivers/STM32F4xx_HAL_Driver/Src/stm32f4xx_ll_usb.o
                0x0000000008003610                USB_SetTurnaroundTime
 .text.USB_EnableGlobalInt
                0x0000000008003754       0x22 Drivers/STM32F4xx_HAL_Driver/Src/stm32f4xx_ll_usb.o
                0x0000000008003754                USB_EnableGlobalInt
 .text.USB_DisableGlobalInt
                0x0000000008003776       0x22 Drivers/STM32F4xx_HAL_Driver/Src/stm32f4xx_ll_usb.o
                0x0000000008003776                USB_DisableGlobalInt
 .text.USB_SetCurrentMode
                0x0000000008003798       0x54 Drivers/STM32F4xx_HAL_Driver/Src/stm32f4xx_ll_usb.o
                0x0000000008003798                USB_SetCurrentMode
 .text.USB_DevInit
                0x00000000080037ec      0x2c8 Drivers/STM32F4xx_HAL_Driver/Src/stm32f4xx_ll_usb.o
                0x00000000080037ec                USB_DevInit
 .text.USB_FlushTxFifo
                0x0000000008003ab4       0x4c Drivers/STM32F4xx_HAL_Driver/Src/stm32f4xx_ll_usb.o
                0x0000000008003ab4                USB_FlushTxFifo
 .text.USB_FlushRxFifo
                0x0000000008003b00       0x44 Drivers/STM32F4xx_HAL_Driver/Src/stm32f4xx_ll_usb.o
                0x0000000008003b00                USB_FlushRxFifo
 .text.USB_SetDevSpeed
                0x0000000008003b44       0x32 Drivers/STM32F4xx_HAL_Driver/Src/stm32f4xx_ll_usb.o
                0x0000000008003b44                USB_SetDevSpeed
 .text.USB_GetDevSpeed
                0x0000000008003b76       0x4a Drivers/STM32F4xx_HAL_Driver/Src/stm32f4xx_ll_usb.o
                0x0000000008003b76                USB_GetDevSpeed
 .text.USB_ActivateEndpoint
                0x0000000008003bc0      0x10e Drivers/STM32F4xx_HAL_Driver/Src/stm32f4xx_ll_usb.o
                0x0000000008003bc0                USB_ActivateEndpoint
 *fill*         0x0000000008003cce        0x2 
 .text.USB_DeactivateEndpoint
                0x0000000008003cd0      0x1b8 Drivers/STM32F4xx_HAL_Driver/Src/stm32f4xx_ll_usb.o
                0x0000000008003cd0                USB_DeactivateEndpoint
 .text.USB_EPStartXfer
                0x0000000008003e88      0x488 Drivers/STM32F4xx_HAL_Driver/Src/stm32f4xx_ll_usb.o
                0x0000000008003e88                USB_EPStartXfer
 .text.USB_EP0StartXfer
                0x0000000008004310      0x2a6 Drivers/STM32F4xx_HAL_Driver/Src/stm32f4xx_ll_usb.o
                0x0000000008004310                USB_EP0StartXfer
 .text.USB_WritePacket
                0x00000000080045b6       0x6a Drivers/STM32F4xx_HAL_Driver/Src/stm32f4xx_ll_usb.o
                0x00000000080045b6                USB_WritePacket
 .text.USB_ReadPacket
                0x0000000008004620       0x52 Drivers/STM32F4xx_HAL_Driver/Src/stm32f4xx_ll_usb.o
                0x0000000008004620                USB_ReadPacket
 .text.USB_EPSetStall
                0x0000000008004672       0xdc Drivers/STM32F4xx_HAL_Driver/Src/stm32f4xx_ll_usb.o
                0x0000000008004672                USB_EPSetStall
 .text.USB_EPClearStall
                0x000000000800474e       0xcc Drivers/STM32F4xx_HAL_Driver/Src/stm32f4xx_ll_usb.o
                0x000000000800474e                USB_EPClearStall
 .text.USB_SetDevAddress
                0x000000000800481a       0x4c Drivers/STM32F4xx_HAL_Driver/Src/stm32f4xx_ll_usb.o
                0x000000000800481a                USB_SetDevAddress
 .text.USB_DevConnect
                0x0000000008004866       0x30 Drivers/STM32F4xx_HAL_Driver/Src/stm32f4xx_ll_usb.o
                0x0000000008004866                USB_DevConnect
 .text.USB_DevDisconnect
                0x0000000008004896       0x30 Drivers/STM32F4xx_HAL_Driver/Src/stm32f4xx_ll_usb.o
                0x0000000008004896                USB_DevDisconnect
 .text.USB_ReadInterrupts
                0x00000000080048c6       0x26 Drivers/STM32F4xx_HAL_Driver/Src/stm32f4xx_ll_usb.o
                0x00000000080048c6                USB_ReadInterrupts
 .text.USB_ReadDevAllOutEpInterrupt
                0x00000000080048ec       0x34 Drivers/STM32F4xx_HAL_Driver/Src/stm32f4xx_ll_usb.o
                0x00000000080048ec                USB_ReadDevAllOutEpInterrupt
 .text.USB_ReadDevAllInEpInterrupt
                0x0000000008004920       0x34 Drivers/STM32F4xx_HAL_Driver/Src/stm32f4xx_ll_usb.o
                0x0000000008004920                USB_ReadDevAllInEpInterrupt
 .text.USB_ReadDevOutEPInterrupt
                0x0000000008004954       0x3c Drivers/STM32F4xx_HAL_Driver/Src/stm32f4xx_ll_usb.o
                0x0000000008004954                USB_ReadDevOutEPInterrupt
 .text.USB_ReadDevInEPInterrupt
                0x0000000008004990       0x5c Drivers/STM32F4xx_HAL_Driver/Src/stm32f4xx_ll_usb.o
                0x0000000008004990                USB_ReadDevInEPInterrupt
 .text.USB_GetMode
                0x00000000080049ec       0x1c Drivers/STM32F4xx_HAL_Driver/Src/stm32f4xx_ll_usb.o
                0x00000000080049ec                USB_GetMode
 .text.USB_ActivateSetup
                0x0000000008004a08       0x46 Drivers/STM32F4xx_HAL_Driver/Src/stm32f4xx_ll_usb.o
                0x0000000008004a08                USB_ActivateSetup
 *fill*         0x0000000008004a4e        0x2 
 .text.USB_EP0_OutStart
                0x0000000008004a50       0xbc Drivers/STM32F4xx_HAL_Driver/Src/stm32f4xx_ll_usb.o
                0x0000000008004a50                USB_EP0_OutStart
 .text.USB_CoreReset
                0x0000000008004b0c       0x68 Drivers/STM32F4xx_HAL_Driver/Src/stm32f4xx_ll_usb.o
 .text.USBD_HID_Init
                0x0000000008004b74       0x68 Middlewares/ST/STM32_USB_Device_Library/Class/HID/Src/usbd_hid.o
 .text.USBD_HID_DeInit
                0x0000000008004bdc       0x48 Middlewares/ST/STM32_USB_Device_Library/Class/HID/Src/usbd_hid.o
 .text.USBD_HID_Setup
                0x0000000008004c24      0x1f4 Middlewares/ST/STM32_USB_Device_Library/Class/HID/Src/usbd_hid.o
 .text.USBD_HID_SendReport
                0x0000000008004e18       0x44 Middlewares/ST/STM32_USB_Device_Library/Class/HID/Src/usbd_hid.o
                0x0000000008004e18                USBD_HID_SendReport
 .text.USBD_HID_GetFSCfgDesc
                0x0000000008004e5c       0x20 Middlewares/ST/STM32_USB_Device_Library/Class/HID/Src/usbd_hid.o
 .text.USBD_HID_GetHSCfgDesc
                0x0000000008004e7c       0x20 Middlewares/ST/STM32_USB_Device_Library/Class/HID/Src/usbd_hid.o
 .text.USBD_HID_GetOtherSpeedCfgDesc
                0x0000000008004e9c       0x20 Middlewares/ST/STM32_USB_Device_Library/Class/HID/Src/usbd_hid.o
 .text.USBD_HID_DataIn
                0x0000000008004ebc       0x24 Middlewares/ST/STM32_USB_Device_Library/Class/HID/Src/usbd_hid.o
 .text.USBD_HID_GetDeviceQualifierDesc
                0x0000000008004ee0       0x20 Middlewares/ST/STM32_USB_Device_Library/Class/HID/Src/usbd_hid.o
 .text.USBD_Init
                0x0000000008004f00       0x6c Middlewares/ST/STM32_USB_Device_Library/Core/Src/usbd_core.o
                0x0000000008004f00                USBD_Init
 .text.USBD_RegisterClass
                0x0000000008004f6c       0x42 Middlewares/ST/STM32_USB_Device_Library/Core/Src/usbd_core.o
                0x0000000008004f6c                USBD_RegisterClass
 .text.USBD_Start
                0x0000000008004fae       0x18 Middlewares/ST/STM32_USB_Device_Library/Core/Src/usbd_core.o
                0x0000000008004fae                USBD_Start
 .text.USBD_RunTestMode
                0x0000000008004fc6       0x16 Middlewares/ST/STM32_USB_Device_Library/Core/Src/usbd_core.o
                0x0000000008004fc6                USBD_RunTestMode
 .text.USBD_SetClassConfig
                0x0000000008004fdc       0x38 Middlewares/ST/STM32_USB_Device_Library/Core/Src/usbd_core.o
                0x0000000008004fdc                USBD_SetClassConfig
 .text.USBD_ClrClassConfig
                0x0000000008005014       0x30 Middlewares/ST/STM32_USB_Device_Library/Core/Src/usbd_core.o
                0x0000000008005014                USBD_ClrClassConfig
 .text.USBD_LL_SetupStage
                0x0000000008005044       0xa6 Middlewares/ST/STM32_USB_Device_Library/Core/Src/usbd_core.o
                0x0000000008005044                USBD_LL_SetupStage
 .text.USBD_LL_DataOutStage
                0x00000000080050ea       0xc6 Middlewares/ST/STM32_USB_Device_Library/Core/Src/usbd_core.o
                0x00000000080050ea                USBD_LL_DataOutStage
 .text.USBD_LL_DataInStage
                0x00000000080051b0      0x12c Middlewares/ST/STM32_USB_Device_Library/Core/Src/usbd_core.o
                0x00000000080051b0                USBD_LL_DataInStage
 .text.USBD_LL_Reset
                0x00000000080052dc       0x82 Middlewares/ST/STM32_USB_Device_Library/Core/Src/usbd_core.o
                0x00000000080052dc                USBD_LL_Reset
 .text.USBD_LL_SetSpeed
                0x000000000800535e       0x20 Middlewares/ST/STM32_USB_Device_Library/Core/Src/usbd_core.o
                0x000000000800535e                USBD_LL_SetSpeed
 .text.USBD_LL_Suspend
                0x000000000800537e       0x2a Middlewares/ST/STM32_USB_Device_Library/Core/Src/usbd_core.o
                0x000000000800537e                USBD_LL_Suspend
 .text.USBD_LL_Resume
                0x00000000080053a8       0x2c Middlewares/ST/STM32_USB_Device_Library/Core/Src/usbd_core.o
                0x00000000080053a8                USBD_LL_Resume
 .text.USBD_LL_SOF
                0x00000000080053d4       0x34 Middlewares/ST/STM32_USB_Device_Library/Core/Src/usbd_core.o
                0x00000000080053d4                USBD_LL_SOF
 .text.USBD_LL_IsoINIncomplete
                0x0000000008005408       0x1a Middlewares/ST/STM32_USB_Device_Library/Core/Src/usbd_core.o
                0x0000000008005408                USBD_LL_IsoINIncomplete
 .text.USBD_LL_IsoOUTIncomplete
                0x0000000008005422       0x1a Middlewares/ST/STM32_USB_Device_Library/Core/Src/usbd_core.o
                0x0000000008005422                USBD_LL_IsoOUTIncomplete
 .text.USBD_LL_DevConnected
                0x000000000800543c       0x16 Middlewares/ST/STM32_USB_Device_Library/Core/Src/usbd_core.o
                0x000000000800543c                USBD_LL_DevConnected
 .text.USBD_LL_DevDisconnected
                0x0000000008005452       0x38 Middlewares/ST/STM32_USB_Device_Library/Core/Src/usbd_core.o
                0x0000000008005452                USBD_LL_DevDisconnected
 .text.SWAPBYTE
                0x000000000800548a       0x3c Middlewares/ST/STM32_USB_Device_Library/Core/Src/usbd_ctlreq.o
 *fill*         0x00000000080054c6        0x2 
 .text.USBD_StdDevReq
                0x00000000080054c8       0xdc Middlewares/ST/STM32_USB_Device_Library/Core/Src/usbd_ctlreq.o
                0x00000000080054c8                USBD_StdDevReq
 .text.USBD_StdItfReq
                0x00000000080055a4       0x8c Middlewares/ST/STM32_USB_Device_Library/Core/Src/usbd_ctlreq.o
                0x00000000080055a4                USBD_StdItfReq
 .text.USBD_StdEPReq
                0x0000000008005630      0x2aa Middlewares/ST/STM32_USB_Device_Library/Core/Src/usbd_ctlreq.o
                0x0000000008005630                USBD_StdEPReq
 *fill*         0x00000000080058da        0x2 
 .text.USBD_GetDescriptor
                0x00000000080058dc      0x2d4 Middlewares/ST/STM32_USB_Device_Library/Core/Src/usbd_ctlreq.o
 .text.USBD_SetAddress
                0x0000000008005bb0       0x84 Middlewares/ST/STM32_USB_Device_Library/Core/Src/usbd_ctlreq.o
 .text.USBD_SetConfig
                0x0000000008005c34      0x148 Middlewares/ST/STM32_USB_Device_Library/Core/Src/usbd_ctlreq.o
 .text.USBD_GetConfig
                0x0000000008005d7c       0x68 Middlewares/ST/STM32_USB_Device_Library/Core/Src/usbd_ctlreq.o
 .text.USBD_GetStatus
                0x0000000008005de4       0x66 Middlewares/ST/STM32_USB_Device_Library/Core/Src/usbd_ctlreq.o
 .text.USBD_SetFeature
                0x0000000008005e4a       0x28 Middlewares/ST/STM32_USB_Device_Library/Core/Src/usbd_ctlreq.o
 .text.USBD_ClrFeature
                0x0000000008005e72       0x42 Middlewares/ST/STM32_USB_Device_Library/Core/Src/usbd_ctlreq.o
 .text.USBD_ParseSetupRequest
                0x0000000008005eb4       0x74 Middlewares/ST/STM32_USB_Device_Library/Core/Src/usbd_ctlreq.o
                0x0000000008005eb4                USBD_ParseSetupRequest
 .text.USBD_CtlError
                0x0000000008005f28       0x22 Middlewares/ST/STM32_USB_Device_Library/Core/Src/usbd_ctlreq.o
                0x0000000008005f28                USBD_CtlError
 .text.USBD_GetString
                0x0000000008005f4a       0x8c Middlewares/ST/STM32_USB_Device_Library/Core/Src/usbd_ctlreq.o
                0x0000000008005f4a                USBD_GetString
 .text.USBD_GetLen
                0x0000000008005fd6       0x34 Middlewares/ST/STM32_USB_Device_Library/Core/Src/usbd_ctlreq.o
 .text.USBD_CtlSendData
                0x000000000800600a       0x36 Middlewares/ST/STM32_USB_Device_Library/Core/Src/usbd_ioreq.o
                0x000000000800600a                USBD_CtlSendData
 .text.USBD_CtlContinueSendData
                0x0000000008006040       0x22 Middlewares/ST/STM32_USB_Device_Library/Core/Src/usbd_ioreq.o
                0x0000000008006040                USBD_CtlContinueSendData
 .text.USBD_CtlContinueRx
                0x0000000008006062       0x22 Middlewares/ST/STM32_USB_Device_Library/Core/Src/usbd_ioreq.o
                0x0000000008006062                USBD_CtlContinueRx
 .text.USBD_CtlSendStatus
                0x0000000008006084       0x26 Middlewares/ST/STM32_USB_Device_Library/Core/Src/usbd_ioreq.o
                0x0000000008006084                USBD_CtlSendStatus
 .text.USBD_CtlReceiveStatus
                0x00000000080060aa       0x26 Middlewares/ST/STM32_USB_Device_Library/Core/Src/usbd_ioreq.o
                0x00000000080060aa                USBD_CtlReceiveStatus
 .text.MX_USB_DEVICE_Init
                0x00000000080060d0       0x4c USB_DEVICE/App/usb_device.o
                0x00000000080060d0                MX_USB_DEVICE_Init
 .text.USBD_FS_DeviceDescriptor
                0x000000000800611c       0x24 USB_DEVICE/App/usbd_desc.o
                0x000000000800611c                USBD_FS_DeviceDescriptor
 .text.USBD_FS_LangIDStrDescriptor
                0x0000000008006140       0x24 USB_DEVICE/App/usbd_desc.o
                0x0000000008006140                USBD_FS_LangIDStrDescriptor
 .text.USBD_FS_ProductStrDescriptor
                0x0000000008006164       0x3c USB_DEVICE/App/usbd_desc.o
                0x0000000008006164                USBD_FS_ProductStrDescriptor
 .text.USBD_FS_ManufacturerStrDescriptor
                0x00000000080061a0       0x28 USB_DEVICE/App/usbd_desc.o
                0x00000000080061a0                USBD_FS_ManufacturerStrDescriptor
 .text.USBD_FS_SerialStrDescriptor
                0x00000000080061c8       0x24 USB_DEVICE/App/usbd_desc.o
                0x00000000080061c8                USBD_FS_SerialStrDescriptor
 .text.USBD_FS_ConfigStrDescriptor
                0x00000000080061ec       0x3c USB_DEVICE/App/usbd_desc.o
                0x00000000080061ec                USBD_FS_ConfigStrDescriptor
 .text.USBD_FS_InterfaceStrDescriptor
                0x0000000008006228       0x3c USB_DEVICE/App/usbd_desc.o
                0x0000000008006228                USBD_FS_InterfaceStrDescriptor
 .text.Get_SerialNum
                0x0000000008006264       0x58 USB_DEVICE/App/usbd_desc.o
 .text.IntToUnicode
                0x00000000080062bc       0x7c USB_DEVICE/App/usbd_desc.o
 .text.HAL_PCD_MspInit
                0x0000000008006338       0xa8 USB_DEVICE/Target/usbd_conf.o
                0x0000000008006338                HAL_PCD_MspInit
 .text.HAL_PCD_SetupStageCallback
                0x00000000080063e0       0x24 USB_DEVICE/Target/usbd_conf.o
                0x00000000080063e0                HAL_PCD_SetupStageCallback
 .text.HAL_PCD_DataOutStageCallback
                0x0000000008006404       0x36 USB_DEVICE/Target/usbd_conf.o
                0x0000000008006404                HAL_PCD_DataOutStageCallback
 .text.HAL_PCD_DataInStageCallback
                0x000000000800643a       0x34 USB_DEVICE/Target/usbd_conf.o
                0x000000000800643a                HAL_PCD_DataInStageCallback
 .text.HAL_PCD_SOFCallback
                0x000000000800646e       0x1c USB_DEVICE/Target/usbd_conf.o
                0x000000000800646e                HAL_PCD_SOFCallback
 .text.HAL_PCD_ResetCallback
                0x000000000800648a       0x3c USB_DEVICE/Target/usbd_conf.o
                0x000000000800648a                HAL_PCD_ResetCallback
 *fill*         0x00000000080064c6        0x2 
 .text.HAL_PCD_SuspendCallback
                0x00000000080064c8       0x4c USB_DEVICE/Target/usbd_conf.o
                0x00000000080064c8                HAL_PCD_SuspendCallback
 .text.HAL_PCD_ResumeCallback
                0x0000000008006514       0x1c USB_DEVICE/Target/usbd_conf.o
                0x0000000008006514                HAL_PCD_ResumeCallback
 .text.HAL_PCD_ISOOUTIncompleteCallback
                0x0000000008006530       0x24 USB_DEVICE/Target/usbd_conf.o
                0x0000000008006530                HAL_PCD_ISOOUTIncompleteCallback
 .text.HAL_PCD_ISOINIncompleteCallback
                0x0000000008006554       0x24 USB_DEVICE/Target/usbd_conf.o
                0x0000000008006554                HAL_PCD_ISOINIncompleteCallback
 .text.HAL_PCD_ConnectCallback
                0x0000000008006578       0x1c USB_DEVICE/Target/usbd_conf.o
                0x0000000008006578                HAL_PCD_ConnectCallback
 .text.HAL_PCD_DisconnectCallback
                0x0000000008006594       0x1c USB_DEVICE/Target/usbd_conf.o
                0x0000000008006594                HAL_PCD_DisconnectCallback
 .text.USBD_LL_Init
                0x00000000080065b0       0x98 USB_DEVICE/Target/usbd_conf.o
                0x00000000080065b0                USBD_LL_Init
 .text.USBD_LL_Start
                0x0000000008006648       0x36 USB_DEVICE/Target/usbd_conf.o
                0x0000000008006648                USBD_LL_Start
 .text.USBD_LL_OpenEP
                0x000000000800667e       0x4c USB_DEVICE/Target/usbd_conf.o
                0x000000000800667e                USBD_LL_OpenEP
 .text.USBD_LL_CloseEP
                0x00000000080066ca       0x3e USB_DEVICE/Target/usbd_conf.o
                0x00000000080066ca                USBD_LL_CloseEP
 .text.USBD_LL_StallEP
                0x0000000008006708       0x3e USB_DEVICE/Target/usbd_conf.o
                0x0000000008006708                USBD_LL_StallEP
 .text.USBD_LL_ClearStallEP
                0x0000000008006746       0x3e USB_DEVICE/Target/usbd_conf.o
                0x0000000008006746                USBD_LL_ClearStallEP
 .text.USBD_LL_IsStallEP
                0x0000000008006784       0x58 USB_DEVICE/Target/usbd_conf.o
                0x0000000008006784                USBD_LL_IsStallEP
 .text.USBD_LL_SetUSBAddress
                0x00000000080067dc       0x3e USB_DEVICE/Target/usbd_conf.o
                0x00000000080067dc                USBD_LL_SetUSBAddress
 .text.USBD_LL_Transmit
                0x000000000800681a       0x42 USB_DEVICE/Target/usbd_conf.o
                0x000000000800681a                USBD_LL_Transmit
 .text.USBD_LL_PrepareReceive
                0x000000000800685c       0x42 USB_DEVICE/Target/usbd_conf.o
                0x000000000800685c                USBD_LL_PrepareReceive
 *fill*         0x000000000800689e        0x2 
 .text.USBD_Get_USB_Status
                0x00000000080068a0       0x58 USB_DEVICE/Target/usbd_conf.o
                0x00000000080068a0                USBD_Get_USB_Status
 .text.__errno  0x00000000080068f8        0xc d:/stm32cubeide/stm32cubeide_1.3.0/stm32cubeide/plugins/com.st.stm32cube.ide.mcu.externaltools.gnu-tools-for-stm32.7-2018-q2-update.win32_1.0.0.201904181610/tools/bin/../lib/gcc/arm-none-eabi/7.3.1/../../../../arm-none-eabi/lib/thumb/v7e-m/fpv4-sp/hard\libc_nano.a(lib_a-errno.o)
                0x00000000080068f8                __errno
 .text.__libc_init_array
                0x0000000008006904       0x48 d:/stm32cubeide/stm32cubeide_1.3.0/stm32cubeide/plugins/com.st.stm32cube.ide.mcu.externaltools.gnu-tools-for-stm32.7-2018-q2-update.win32_1.0.0.201904181610/tools/bin/../lib/gcc/arm-none-eabi/7.3.1/../../../../arm-none-eabi/lib/thumb/v7e-m/fpv4-sp/hard\libc_nano.a(lib_a-init.o)
                0x0000000008006904                __libc_init_array
 .text.malloc   0x000000000800694c       0x10 d:/stm32cubeide/stm32cubeide_1.3.0/stm32cubeide/plugins/com.st.stm32cube.ide.mcu.externaltools.gnu-tools-for-stm32.7-2018-q2-update.win32_1.0.0.201904181610/tools/bin/../lib/gcc/arm-none-eabi/7.3.1/../../../../arm-none-eabi/lib/thumb/v7e-m/fpv4-sp/hard\libc_nano.a(lib_a-malloc.o)
                0x000000000800694c                malloc
 .text.free     0x000000000800695c       0x10 d:/stm32cubeide/stm32cubeide_1.3.0/stm32cubeide/plugins/com.st.stm32cube.ide.mcu.externaltools.gnu-tools-for-stm32.7-2018-q2-update.win32_1.0.0.201904181610/tools/bin/../lib/gcc/arm-none-eabi/7.3.1/../../../../arm-none-eabi/lib/thumb/v7e-m/fpv4-sp/hard\libc_nano.a(lib_a-malloc.o)
                0x000000000800695c                free
 .text.memset   0x000000000800696c       0x10 d:/stm32cubeide/stm32cubeide_1.3.0/stm32cubeide/plugins/com.st.stm32cube.ide.mcu.externaltools.gnu-tools-for-stm32.7-2018-q2-update.win32_1.0.0.201904181610/tools/bin/../lib/gcc/arm-none-eabi/7.3.1/../../../../arm-none-eabi/lib/thumb/v7e-m/fpv4-sp/hard\libc_nano.a(lib_a-memset.o)
                0x000000000800696c                memset
 .text._free_r  0x000000000800697c       0x9c d:/stm32cubeide/stm32cubeide_1.3.0/stm32cubeide/plugins/com.st.stm32cube.ide.mcu.externaltools.gnu-tools-for-stm32.7-2018-q2-update.win32_1.0.0.201904181610/tools/bin/../lib/gcc/arm-none-eabi/7.3.1/../../../../arm-none-eabi/lib/thumb/v7e-m/fpv4-sp/hard\libc_nano.a(lib_a-nano-freer.o)
                0x000000000800697c                _free_r
 .text._malloc_r
                0x0000000008006a18       0xb4 d:/stm32cubeide/stm32cubeide_1.3.0/stm32cubeide/plugins/com.st.stm32cube.ide.mcu.externaltools.gnu-tools-for-stm32.7-2018-q2-update.win32_1.0.0.201904181610/tools/bin/../lib/gcc/arm-none-eabi/7.3.1/../../../../arm-none-eabi/lib/thumb/v7e-m/fpv4-sp/hard\libc_nano.a(lib_a-nano-mallocr.o)
                0x0000000008006a18                _malloc_r
 .text._sbrk_r  0x0000000008006acc       0x20 d:/stm32cubeide/stm32cubeide_1.3.0/stm32cubeide/plugins/com.st.stm32cube.ide.mcu.externaltools.gnu-tools-for-stm32.7-2018-q2-update.win32_1.0.0.201904181610/tools/bin/../lib/gcc/arm-none-eabi/7.3.1/../../../../arm-none-eabi/lib/thumb/v7e-m/fpv4-sp/hard\libc_nano.a(lib_a-sbrkr.o)
                0x0000000008006acc                _sbrk_r
 .text.__malloc_lock
                0x0000000008006aec        0x2 d:/stm32cubeide/stm32cubeide_1.3.0/stm32cubeide/plugins/com.st.stm32cube.ide.mcu.externaltools.gnu-tools-for-stm32.7-2018-q2-update.win32_1.0.0.201904181610/tools/bin/../lib/gcc/arm-none-eabi/7.3.1/../../../../arm-none-eabi/lib/thumb/v7e-m/fpv4-sp/hard\libc_nano.a(lib_a-mlock.o)
                0x0000000008006aec                __malloc_lock
 .text.__malloc_unlock
                0x0000000008006aee        0x2 d:/stm32cubeide/stm32cubeide_1.3.0/stm32cubeide/plugins/com.st.stm32cube.ide.mcu.externaltools.gnu-tools-for-stm32.7-2018-q2-update.win32_1.0.0.201904181610/tools/bin/../lib/gcc/arm-none-eabi/7.3.1/../../../../arm-none-eabi/lib/thumb/v7e-m/fpv4-sp/hard\libc_nano.a(lib_a-mlock.o)
                0x0000000008006aee                __malloc_unlock
 *(.glue_7)
 .glue_7        0x0000000008006af0        0x0 linker stubs
 *(.glue_7t)
 .glue_7t       0x0000000008006af0        0x0 linker stubs
 *(.eh_frame)
 .eh_frame      0x0000000008006af0        0x0 d:/stm32cubeide/stm32cubeide_1.3.0/stm32cubeide/plugins/com.st.stm32cube.ide.mcu.externaltools.gnu-tools-for-stm32.7-2018-q2-update.win32_1.0.0.201904181610/tools/bin/../lib/gcc/arm-none-eabi/7.3.1/thumb/v7e-m/fpv4-sp/hard/crtbegin.o
 *(.init)
 .init          0x0000000008006af0        0x4 d:/stm32cubeide/stm32cubeide_1.3.0/stm32cubeide/plugins/com.st.stm32cube.ide.mcu.externaltools.gnu-tools-for-stm32.7-2018-q2-update.win32_1.0.0.201904181610/tools/bin/../lib/gcc/arm-none-eabi/7.3.1/thumb/v7e-m/fpv4-sp/hard/crti.o
                0x0000000008006af0                _init
 .init          0x0000000008006af4        0x8 d:/stm32cubeide/stm32cubeide_1.3.0/stm32cubeide/plugins/com.st.stm32cube.ide.mcu.externaltools.gnu-tools-for-stm32.7-2018-q2-update.win32_1.0.0.201904181610/tools/bin/../lib/gcc/arm-none-eabi/7.3.1/thumb/v7e-m/fpv4-sp/hard/crtn.o
 *(.fini)
 .fini          0x0000000008006afc        0x4 d:/stm32cubeide/stm32cubeide_1.3.0/stm32cubeide/plugins/com.st.stm32cube.ide.mcu.externaltools.gnu-tools-for-stm32.7-2018-q2-update.win32_1.0.0.201904181610/tools/bin/../lib/gcc/arm-none-eabi/7.3.1/thumb/v7e-m/fpv4-sp/hard/crti.o
                0x0000000008006afc                _fini
 .fini          0x0000000008006b00        0x8 d:/stm32cubeide/stm32cubeide_1.3.0/stm32cubeide/plugins/com.st.stm32cube.ide.mcu.externaltools.gnu-tools-for-stm32.7-2018-q2-update.win32_1.0.0.201904181610/tools/bin/../lib/gcc/arm-none-eabi/7.3.1/thumb/v7e-m/fpv4-sp/hard/crtn.o
                0x0000000008006b08                . = ALIGN (0x4)
                0x0000000008006b08                _etext = .

.vfp11_veneer   0x0000000008006b08        0x0
 .vfp11_veneer  0x0000000008006b08        0x0 linker stubs

.v4_bx          0x0000000008006b08        0x0
 .v4_bx         0x0000000008006b08        0x0 linker stubs

.iplt           0x0000000008006b08        0x0
 .iplt          0x0000000008006b08        0x0 d:/stm32cubeide/stm32cubeide_1.3.0/stm32cubeide/plugins/com.st.stm32cube.ide.mcu.externaltools.gnu-tools-for-stm32.7-2018-q2-update.win32_1.0.0.201904181610/tools/bin/../lib/gcc/arm-none-eabi/7.3.1/thumb/v7e-m/fpv4-sp/hard/crtbegin.o

.rodata         0x0000000008006b08      0x124
                0x0000000008006b08                . = ALIGN (0x4)
 *(.rodata)
 .rodata        0x0000000008006b08       0x46 USB_DEVICE/App/usbd_desc.o
 *(.rodata*)
 *fill*         0x0000000008006b4e        0x2 
 .rodata.keymaps
                0x0000000008006b50       0xcc Core/Src/my_keymap_plain.o
 .rodata.AHBPrescTable
                0x0000000008006c1c       0x10 Core/Src/system_stm32f4xx.o
                0x0000000008006c1c                AHBPrescTable
                0x0000000008006c2c                . = ALIGN (0x4)

.ARM.extab      0x0000000008006c2c        0x0
                0x0000000008006c2c                . = ALIGN (0x4)
 *(.ARM.extab* .gnu.linkonce.armextab.*)
                0x0000000008006c2c                . = ALIGN (0x4)

.ARM            0x0000000008006c2c        0x8
                0x0000000008006c2c                . = ALIGN (0x4)
                0x0000000008006c2c                __exidx_start = .
 *(.ARM.exidx*)
 .ARM.exidx     0x0000000008006c2c        0x8 d:/stm32cubeide/stm32cubeide_1.3.0/stm32cubeide/plugins/com.st.stm32cube.ide.mcu.externaltools.gnu-tools-for-stm32.7-2018-q2-update.win32_1.0.0.201904181610/tools/bin/../lib/gcc/arm-none-eabi/7.3.1/thumb/v7e-m/fpv4-sp/hard\libgcc.a(_udivmoddi4.o)
                0x0000000008006c34                __exidx_end = .
                0x0000000008006c34                . = ALIGN (0x4)

.rel.dyn        0x0000000008006c34        0x0
 .rel.iplt      0x0000000008006c34        0x0 d:/stm32cubeide/stm32cubeide_1.3.0/stm32cubeide/plugins/com.st.stm32cube.ide.mcu.externaltools.gnu-tools-for-stm32.7-2018-q2-update.win32_1.0.0.201904181610/tools/bin/../lib/gcc/arm-none-eabi/7.3.1/thumb/v7e-m/fpv4-sp/hard/crtbegin.o

.preinit_array  0x0000000008006c34        0x0
                0x0000000008006c34                . = ALIGN (0x4)
                0x0000000008006c34                PROVIDE (__preinit_array_start = .)
 *(.preinit_array*)
                0x0000000008006c34                PROVIDE (__preinit_array_end = .)
                0x0000000008006c34                . = ALIGN (0x4)

.init_array     0x0000000008006c34        0x4
                0x0000000008006c34                . = ALIGN (0x4)
                0x0000000008006c34                PROVIDE (__init_array_start = .)
 *(SORT_BY_NAME(.init_array.*))
 *(.init_array*)
 .init_array    0x0000000008006c34        0x4 d:/stm32cubeide/stm32cubeide_1.3.0/stm32cubeide/plugins/com.st.stm32cube.ide.mcu.externaltools.gnu-tools-for-stm32.7-2018-q2-update.win32_1.0.0.201904181610/tools/bin/../lib/gcc/arm-none-eabi/7.3.1/thumb/v7e-m/fpv4-sp/hard/crtbegin.o
                0x0000000008006c38                PROVIDE (__init_array_end = .)
                0x0000000008006c38                . = ALIGN (0x4)

.fini_array     0x0000000008006c38        0x4
                0x0000000008006c38                . = ALIGN (0x4)
                [!provide]                        PROVIDE (__fini_array_start = .)
 *(SORT_BY_NAME(.fini_array.*))
 *(.fini_array*)
 .fini_array    0x0000000008006c38        0x4 d:/stm32cubeide/stm32cubeide_1.3.0/stm32cubeide/plugins/com.st.stm32cube.ide.mcu.externaltools.gnu-tools-for-stm32.7-2018-q2-update.win32_1.0.0.201904181610/tools/bin/../lib/gcc/arm-none-eabi/7.3.1/thumb/v7e-m/fpv4-sp/hard/crtbegin.o
                [!provide]                        PROVIDE (__fini_array_end = .)
                0x0000000008006c3c                . = ALIGN (0x4)
                0x0000000008006c3c                _sidata = LOADADDR (.data)

.data           0x0000000020000000      0x1c8 load address 0x0000000008006c3c
                0x0000000020000000                . = ALIGN (0x4)
                0x0000000020000000                _sdata = .
 *(.data)
 *(.data*)
 .data.keyboard_report
                0x0000000020000000        0x4 Core/Src/action.o
 .data.debouncing
                0x0000000020000004        0x1 Core/Src/matrix.o
 *fill*         0x0000000020000005        0x3 
 .data.SystemCoreClock
                0x0000000020000008        0x4 Core/Src/system_stm32f4xx.o
                0x0000000020000008                SystemCoreClock
 .data.uwTickPrio
                0x000000002000000c        0x4 Drivers/STM32F4xx_HAL_Driver/Src/stm32f4xx_hal.o
                0x000000002000000c                uwTickPrio
 .data.uwTickFreq
                0x0000000020000010        0x1 Drivers/STM32F4xx_HAL_Driver/Src/stm32f4xx_hal.o
                0x0000000020000010                uwTickFreq
 *fill*         0x0000000020000011        0x3 
 .data.USBD_HID
                0x0000000020000014       0x38 Middlewares/ST/STM32_USB_Device_Library/Class/HID/Src/usbd_hid.o
                0x0000000020000014                USBD_HID
 .data.USBD_HID_CfgFSDesc
                0x000000002000004c       0x22 Middlewares/ST/STM32_USB_Device_Library/Class/HID/Src/usbd_hid.o
 *fill*         0x000000002000006e        0x2 
 .data.USBD_HID_CfgHSDesc
                0x0000000020000070       0x22 Middlewares/ST/STM32_USB_Device_Library/Class/HID/Src/usbd_hid.o
 *fill*         0x0000000020000092        0x2 
 .data.USBD_HID_OtherSpeedCfgDesc
                0x0000000020000094       0x22 Middlewares/ST/STM32_USB_Device_Library/Class/HID/Src/usbd_hid.o
 *fill*         0x00000000200000b6        0x2 
 .data.USBD_HID_Desc
                0x00000000200000b8        0x9 Middlewares/ST/STM32_USB_Device_Library/Class/HID/Src/usbd_hid.o
 *fill*         0x00000000200000c1        0x3 
 .data.USBD_HID_DeviceQualifierDesc
                0x00000000200000c4        0xa Middlewares/ST/STM32_USB_Device_Library/Class/HID/Src/usbd_hid.o
 *fill*         0x00000000200000ce        0x2 
 .data.HID_MOUSE_ReportDesc
                0x00000000200000d0       0x43 Middlewares/ST/STM32_USB_Device_Library/Class/HID/Src/usbd_hid.o
 *fill*         0x0000000020000113        0x1 
 .data.FS_Desc  0x0000000020000114       0x1c USB_DEVICE/App/usbd_desc.o
                0x0000000020000114                FS_Desc
 .data.USBD_FS_DeviceDesc
                0x0000000020000130       0x12 USB_DEVICE/App/usbd_desc.o
                0x0000000020000130                USBD_FS_DeviceDesc
 *fill*         0x0000000020000142        0x2 
 .data.USBD_LangIDDesc
                0x0000000020000144        0x4 USB_DEVICE/App/usbd_desc.o
                0x0000000020000144                USBD_LangIDDesc
 .data.USBD_StringSerial
                0x0000000020000148       0x1a USB_DEVICE/App/usbd_desc.o
                0x0000000020000148                USBD_StringSerial
 *fill*         0x0000000020000162        0x2 
 .data._impure_ptr
                0x0000000020000164        0x4 d:/stm32cubeide/stm32cubeide_1.3.0/stm32cubeide/plugins/com.st.stm32cube.ide.mcu.externaltools.gnu-tools-for-stm32.7-2018-q2-update.win32_1.0.0.201904181610/tools/bin/../lib/gcc/arm-none-eabi/7.3.1/../../../../arm-none-eabi/lib/thumb/v7e-m/fpv4-sp/hard\libc_nano.a(lib_a-impure.o)
                0x0000000020000164                _impure_ptr
 .data.impure_data
                0x0000000020000168       0x60 d:/stm32cubeide/stm32cubeide_1.3.0/stm32cubeide/plugins/com.st.stm32cube.ide.mcu.externaltools.gnu-tools-for-stm32.7-2018-q2-update.win32_1.0.0.201904181610/tools/bin/../lib/gcc/arm-none-eabi/7.3.1/../../../../arm-none-eabi/lib/thumb/v7e-m/fpv4-sp/hard\libc_nano.a(lib_a-impure.o)
                0x00000000200001c8                . = ALIGN (0x4)
                0x00000000200001c8                _edata = .

.igot.plt       0x00000000200001c8        0x0 load address 0x0000000008006e04
 .igot.plt      0x00000000200001c8        0x0 d:/stm32cubeide/stm32cubeide_1.3.0/stm32cubeide/plugins/com.st.stm32cube.ide.mcu.externaltools.gnu-tools-for-stm32.7-2018-q2-update.win32_1.0.0.201904181610/tools/bin/../lib/gcc/arm-none-eabi/7.3.1/thumb/v7e-m/fpv4-sp/hard/crtbegin.o
                0x00000000200001c8                . = ALIGN (0x4)

.bss            0x00000000200001c8      0x960 load address 0x0000000008006e04
                0x00000000200001c8                _sbss = .
                0x00000000200001c8                __bss_start__ = _sbss
 *(.bss)
 .bss           0x00000000200001c8       0x1c d:/stm32cubeide/stm32cubeide_1.3.0/stm32cubeide/plugins/com.st.stm32cube.ide.mcu.externaltools.gnu-tools-for-stm32.7-2018-q2-update.win32_1.0.0.201904181610/tools/bin/../lib/gcc/arm-none-eabi/7.3.1/thumb/v7e-m/fpv4-sp/hard/crtbegin.o
 *(.bss*)
 .bss.cb_head   0x00000000200001e4        0x1 Core/Src/action.o
 .bss.cb_tail   0x00000000200001e5        0x1 Core/Src/action.o
 .bss.cb_count  0x00000000200001e6        0x1 Core/Src/action.o
 .bss.layer     0x00000000200001e7        0x1 Core/Src/action.o
 .bss.__compound_literal.0
                0x00000000200001e8        0x8 Core/Src/action.o
 .bss.matrix_prev.9771
                0x00000000200001f0       0x18 Core/Src/keyboard.o
 .bss.matrix    0x0000000020000208       0x18 Core/Src/matrix.o
 .bss.matrix_debouncing
                0x0000000020000220       0x18 Core/Src/matrix.o
 .bss.heap_end.6424
                0x0000000020000238        0x4 Core/Src/sysmem.o
 .bss.cfgidx.9583
                0x000000002000023c        0x1 Middlewares/ST/STM32_USB_Device_Library/Core/Src/usbd_ctlreq.o
 *fill*         0x000000002000023d        0x3 
 .bss.__malloc_free_list
                0x0000000020000240        0x4 d:/stm32cubeide/stm32cubeide_1.3.0/stm32cubeide/plugins/com.st.stm32cube.ide.mcu.externaltools.gnu-tools-for-stm32.7-2018-q2-update.win32_1.0.0.201904181610/tools/bin/../lib/gcc/arm-none-eabi/7.3.1/../../../../arm-none-eabi/lib/thumb/v7e-m/fpv4-sp/hard\libc_nano.a(lib_a-nano-mallocr.o)
                0x0000000020000240                __malloc_free_list
 .bss.__malloc_sbrk_start
                0x0000000020000244        0x4 d:/stm32cubeide/stm32cubeide_1.3.0/stm32cubeide/plugins/com.st.stm32cube.ide.mcu.externaltools.gnu-tools-for-stm32.7-2018-q2-update.win32_1.0.0.201904181610/tools/bin/../lib/gcc/arm-none-eabi/7.3.1/../../../../arm-none-eabi/lib/thumb/v7e-m/fpv4-sp/hard\libc_nano.a(lib_a-nano-mallocr.o)
                0x0000000020000244                __malloc_sbrk_start
 *(COMMON)
 COMMON         0x0000000020000248        0x4 Drivers/STM32F4xx_HAL_Driver/Src/stm32f4xx_hal.o
                0x0000000020000248                uwTick
 COMMON         0x000000002000024c      0x2d0 USB_DEVICE/App/usb_device.o
                0x000000002000024c                hUsbDeviceFS
 COMMON         0x000000002000051c      0x200 USB_DEVICE/App/usbd_desc.o
                0x000000002000051c                USBD_StrDesc
 COMMON         0x000000002000071c      0x408 USB_DEVICE/Target/usbd_conf.o
                0x000000002000071c                hpcd_USB_OTG_FS
 COMMON         0x0000000020000b24        0x4 d:/stm32cubeide/stm32cubeide_1.3.0/stm32cubeide/plugins/com.st.stm32cube.ide.mcu.externaltools.gnu-tools-for-stm32.7-2018-q2-update.win32_1.0.0.201904181610/tools/bin/../lib/gcc/arm-none-eabi/7.3.1/../../../../arm-none-eabi/lib/thumb/v7e-m/fpv4-sp/hard\libc_nano.a(lib_a-reent.o)
                0x0000000020000b24                errno
                0x0000000020000b28                . = ALIGN (0x4)
                0x0000000020000b28                _ebss = .
                0x0000000020000b28                __bss_end__ = _ebss

._user_heap_stack
                0x0000000020000b28      0x800 load address 0x0000000008006e04
                0x0000000020000b28                . = ALIGN (0x8)
                0x0000000020000b28                PROVIDE (end = .)
                [!provide]                        PROVIDE (_end = .)
                0x0000000020000f28                . = (. + _Min_Heap_Size)
 *fill*         0x0000000020000b28      0x400 
                0x0000000020001328                . = (. + _Min_Stack_Size)
 *fill*         0x0000000020000f28      0x400 
                0x0000000020001328                . = ALIGN (0x8)

/DISCARD/
 libc.a(*)
 libm.a(*)
 libgcc.a(*)

.ARM.attributes
                0x0000000000000000       0x30
 *(.ARM.attributes)
 .ARM.attributes
                0x0000000000000000       0x22 d:/stm32cubeide/stm32cubeide_1.3.0/stm32cubeide/plugins/com.st.stm32cube.ide.mcu.externaltools.gnu-tools-for-stm32.7-2018-q2-update.win32_1.0.0.201904181610/tools/bin/../lib/gcc/arm-none-eabi/7.3.1/thumb/v7e-m/fpv4-sp/hard/crti.o
 .ARM.attributes
                0x0000000000000022       0x34 d:/stm32cubeide/stm32cubeide_1.3.0/stm32cubeide/plugins/com.st.stm32cube.ide.mcu.externaltools.gnu-tools-for-stm32.7-2018-q2-update.win32_1.0.0.201904181610/tools/bin/../lib/gcc/arm-none-eabi/7.3.1/thumb/v7e-m/fpv4-sp/hard/crtbegin.o
 .ARM.attributes
                0x0000000000000056       0x39 Core/Src/action.o
 .ARM.attributes
                0x000000000000008f       0x39 Core/Src/gpio.o
 .ARM.attributes
                0x00000000000000c8       0x39 Core/Src/keyboard.o
 .ARM.attributes
                0x0000000000000101       0x39 Core/Src/main.o
 .ARM.attributes
                0x000000000000013a       0x39 Core/Src/matrix.o
 .ARM.attributes
                0x0000000000000173       0x39 Core/Src/my_keymap_plain.o
 .ARM.attributes
                0x00000000000001ac       0x39 Core/Src/stm32f4xx_hal_msp.o
 .ARM.attributes
                0x00000000000001e5       0x39 Core/Src/stm32f4xx_it.o
 .ARM.attributes
                0x000000000000021e       0x39 Core/Src/sysmem.o
 .ARM.attributes
                0x0000000000000257       0x39 Core/Src/system_stm32f4xx.o
 .ARM.attributes
                0x0000000000000290       0x21 Core/Startup/startup_stm32f411ceux.o
 .ARM.attributes
                0x00000000000002b1       0x39 Drivers/STM32F4xx_HAL_Driver/Src/stm32f4xx_hal.o
 .ARM.attributes
                0x00000000000002ea       0x39 Drivers/STM32F4xx_HAL_Driver/Src/stm32f4xx_hal_cortex.o
 .ARM.attributes
                0x0000000000000323       0x39 Drivers/STM32F4xx_HAL_Driver/Src/stm32f4xx_hal_gpio.o
 .ARM.attributes
                0x000000000000035c       0x39 Drivers/STM32F4xx_HAL_Driver/Src/stm32f4xx_hal_pcd.o
 .ARM.attributes
                0x0000000000000395       0x39 Drivers/STM32F4xx_HAL_Driver/Src/stm32f4xx_hal_pcd_ex.o
 .ARM.attributes
                0x00000000000003ce       0x39 Drivers/STM32F4xx_HAL_Driver/Src/stm32f4xx_hal_rcc.o
 .ARM.attributes
                0x0000000000000407       0x39 Drivers/STM32F4xx_HAL_Driver/Src/stm32f4xx_ll_usb.o
 .ARM.attributes
                0x0000000000000440       0x39 Middlewares/ST/STM32_USB_Device_Library/Class/HID/Src/usbd_hid.o
 .ARM.attributes
                0x0000000000000479       0x39 Middlewares/ST/STM32_USB_Device_Library/Core/Src/usbd_core.o
 .ARM.attributes
                0x00000000000004b2       0x39 Middlewares/ST/STM32_USB_Device_Library/Core/Src/usbd_ctlreq.o
 .ARM.attributes
                0x00000000000004eb       0x39 Middlewares/ST/STM32_USB_Device_Library/Core/Src/usbd_ioreq.o
 .ARM.attributes
                0x0000000000000524       0x39 USB_DEVICE/App/usb_device.o
 .ARM.attributes
                0x000000000000055d       0x39 USB_DEVICE/App/usbd_desc.o
 .ARM.attributes
                0x0000000000000596       0x39 USB_DEVICE/Target/usbd_conf.o
 .ARM.attributes
                0x00000000000005cf       0x34 d:/stm32cubeide/stm32cubeide_1.3.0/stm32cubeide/plugins/com.st.stm32cube.ide.mcu.externaltools.gnu-tools-for-stm32.7-2018-q2-update.win32_1.0.0.201904181610/tools/bin/../lib/gcc/arm-none-eabi/7.3.1/../../../../arm-none-eabi/lib/thumb/v7e-m/fpv4-sp/hard\libc_nano.a(lib_a-errno.o)
 .ARM.attributes
                0x0000000000000603       0x34 d:/stm32cubeide/stm32cubeide_1.3.0/stm32cubeide/plugins/com.st.stm32cube.ide.mcu.externaltools.gnu-tools-for-stm32.7-2018-q2-update.win32_1.0.0.201904181610/tools/bin/../lib/gcc/arm-none-eabi/7.3.1/../../../../arm-none-eabi/lib/thumb/v7e-m/fpv4-sp/hard\libc_nano.a(lib_a-impure.o)
 .ARM.attributes
                0x0000000000000637       0x34 d:/stm32cubeide/stm32cubeide_1.3.0/stm32cubeide/plugins/com.st.stm32cube.ide.mcu.externaltools.gnu-tools-for-stm32.7-2018-q2-update.win32_1.0.0.201904181610/tools/bin/../lib/gcc/arm-none-eabi/7.3.1/../../../../arm-none-eabi/lib/thumb/v7e-m/fpv4-sp/hard\libc_nano.a(lib_a-init.o)
 .ARM.attributes
                0x000000000000066b       0x34 d:/stm32cubeide/stm32cubeide_1.3.0/stm32cubeide/plugins/com.st.stm32cube.ide.mcu.externaltools.gnu-tools-for-stm32.7-2018-q2-update.win32_1.0.0.201904181610/tools/bin/../lib/gcc/arm-none-eabi/7.3.1/../../../../arm-none-eabi/lib/thumb/v7e-m/fpv4-sp/hard\libc_nano.a(lib_a-malloc.o)
 .ARM.attributes
                0x000000000000069f       0x34 d:/stm32cubeide/stm32cubeide_1.3.0/stm32cubeide/plugins/com.st.stm32cube.ide.mcu.externaltools.gnu-tools-for-stm32.7-2018-q2-update.win32_1.0.0.201904181610/tools/bin/../lib/gcc/arm-none-eabi/7.3.1/../../../../arm-none-eabi/lib/thumb/v7e-m/fpv4-sp/hard\libc_nano.a(lib_a-memset.o)
 .ARM.attributes
                0x00000000000006d3       0x34 d:/stm32cubeide/stm32cubeide_1.3.0/stm32cubeide/plugins/com.st.stm32cube.ide.mcu.externaltools.gnu-tools-for-stm32.7-2018-q2-update.win32_1.0.0.201904181610/tools/bin/../lib/gcc/arm-none-eabi/7.3.1/../../../../arm-none-eabi/lib/thumb/v7e-m/fpv4-sp/hard\libc_nano.a(lib_a-nano-freer.o)
 .ARM.attributes
                0x0000000000000707       0x34 d:/stm32cubeide/stm32cubeide_1.3.0/stm32cubeide/plugins/com.st.stm32cube.ide.mcu.externaltools.gnu-tools-for-stm32.7-2018-q2-update.win32_1.0.0.201904181610/tools/bin/../lib/gcc/arm-none-eabi/7.3.1/../../../../arm-none-eabi/lib/thumb/v7e-m/fpv4-sp/hard\libc_nano.a(lib_a-nano-mallocr.o)
 .ARM.attributes
                0x000000000000073b       0x34 d:/stm32cubeide/stm32cubeide_1.3.0/stm32cubeide/plugins/com.st.stm32cube.ide.mcu.externaltools.gnu-tools-for-stm32.7-2018-q2-update.win32_1.0.0.201904181610/tools/bin/../lib/gcc/arm-none-eabi/7.3.1/../../../../arm-none-eabi/lib/thumb/v7e-m/fpv4-sp/hard\libc_nano.a(lib_a-sbrkr.o)
 .ARM.attributes
                0x000000000000076f       0x34 d:/stm32cubeide/stm32cubeide_1.3.0/stm32cubeide/plugins/com.st.stm32cube.ide.mcu.externaltools.gnu-tools-for-stm32.7-2018-q2-update.win32_1.0.0.201904181610/tools/bin/../lib/gcc/arm-none-eabi/7.3.1/../../../../arm-none-eabi/lib/thumb/v7e-m/fpv4-sp/hard\libc_nano.a(lib_a-mlock.o)
 .ARM.attributes
                0x00000000000007a3       0x34 d:/stm32cubeide/stm32cubeide_1.3.0/stm32cubeide/plugins/com.st.stm32cube.ide.mcu.externaltools.gnu-tools-for-stm32.7-2018-q2-update.win32_1.0.0.201904181610/tools/bin/../lib/gcc/arm-none-eabi/7.3.1/../../../../arm-none-eabi/lib/thumb/v7e-m/fpv4-sp/hard\libc_nano.a(lib_a-reent.o)
 .ARM.attributes
                0x00000000000007d7       0x22 d:/stm32cubeide/stm32cubeide_1.3.0/stm32cubeide/plugins/com.st.stm32cube.ide.mcu.externaltools.gnu-tools-for-stm32.7-2018-q2-update.win32_1.0.0.201904181610/tools/bin/../lib/gcc/arm-none-eabi/7.3.1/thumb/v7e-m/fpv4-sp/hard\libgcc.a(_aeabi_uldivmod.o)
 .ARM.attributes
                0x00000000000007f9       0x34 d:/stm32cubeide/stm32cubeide_1.3.0/stm32cubeide/plugins/com.st.stm32cube.ide.mcu.externaltools.gnu-tools-for-stm32.7-2018-q2-update.win32_1.0.0.201904181610/tools/bin/../lib/gcc/arm-none-eabi/7.3.1/thumb/v7e-m/fpv4-sp/hard\libgcc.a(_udivmoddi4.o)
 .ARM.attributes
                0x000000000000082d       0x22 d:/stm32cubeide/stm32cubeide_1.3.0/stm32cubeide/plugins/com.st.stm32cube.ide.mcu.externaltools.gnu-tools-for-stm32.7-2018-q2-update.win32_1.0.0.201904181610/tools/bin/../lib/gcc/arm-none-eabi/7.3.1/thumb/v7e-m/fpv4-sp/hard\libgcc.a(_dvmd_tls.o)
 .ARM.attributes
                0x000000000000084f       0x22 d:/stm32cubeide/stm32cubeide_1.3.0/stm32cubeide/plugins/com.st.stm32cube.ide.mcu.externaltools.gnu-tools-for-stm32.7-2018-q2-update.win32_1.0.0.201904181610/tools/bin/../lib/gcc/arm-none-eabi/7.3.1/thumb/v7e-m/fpv4-sp/hard/crtn.o
OUTPUT(my-keyboard.elf elf32-littlearm)

.debug_info     0x0000000000000000    0x138d1
 .debug_info    0x0000000000000000     0x14ab Core/Src/action.o
 .debug_info    0x00000000000014ab      0x4f2 Core/Src/gpio.o
 .debug_info    0x000000000000199d      0xf1b Core/Src/keyboard.o
 .debug_info    0x00000000000028b8     0x1263 Core/Src/main.o
 .debug_info    0x0000000000003b1b      0x409 Core/Src/matrix.o
 .debug_info    0x0000000000003f24      0x70e Core/Src/my_keymap_plain.o
 .debug_info    0x0000000000004632      0x38c Core/Src/stm32f4xx_hal_msp.o
 .debug_info    0x00000000000049be      0x675 Core/Src/stm32f4xx_it.o
 .debug_info    0x0000000000005033      0x91c Core/Src/sysmem.o
 .debug_info    0x000000000000594f      0x57e Core/Src/system_stm32f4xx.o
 .debug_info    0x0000000000005ecd       0x22 Core/Startup/startup_stm32f411ceux.o
 .debug_info    0x0000000000005eef      0x8d5 Drivers/STM32F4xx_HAL_Driver/Src/stm32f4xx_hal.o
 .debug_info    0x00000000000067c4      0xd98 Drivers/STM32F4xx_HAL_Driver/Src/stm32f4xx_hal_cortex.o
 .debug_info    0x000000000000755c      0x7d7 Drivers/STM32F4xx_HAL_Driver/Src/stm32f4xx_hal_gpio.o
 .debug_info    0x0000000000007d33     0x1114 Drivers/STM32F4xx_HAL_Driver/Src/stm32f4xx_hal_pcd.o
 .debug_info    0x0000000000008e47      0x753 Drivers/STM32F4xx_HAL_Driver/Src/stm32f4xx_hal_pcd_ex.o
 .debug_info    0x000000000000959a      0x92a Drivers/STM32F4xx_HAL_Driver/Src/stm32f4xx_hal_rcc.o
 .debug_info    0x0000000000009ec4     0x18dd Drivers/STM32F4xx_HAL_Driver/Src/stm32f4xx_ll_usb.o
 .debug_info    0x000000000000b7a1     0x119e Middlewares/ST/STM32_USB_Device_Library/Class/HID/Src/usbd_hid.o
 .debug_info    0x000000000000c93f     0x1285 Middlewares/ST/STM32_USB_Device_Library/Core/Src/usbd_core.o
 .debug_info    0x000000000000dbc4     0x123d Middlewares/ST/STM32_USB_Device_Library/Core/Src/usbd_ctlreq.o
 .debug_info    0x000000000000ee01      0xf88 Middlewares/ST/STM32_USB_Device_Library/Core/Src/usbd_ioreq.o
 .debug_info    0x000000000000fd89      0xe61 USB_DEVICE/App/usb_device.o
 .debug_info    0x0000000000010bea      0xd20 USB_DEVICE/App/usbd_desc.o
 .debug_info    0x000000000001190a     0x1fc7 USB_DEVICE/Target/usbd_conf.o

.debug_abbrev   0x0000000000000000     0x30f0
 .debug_abbrev  0x0000000000000000      0x289 Core/Src/action.o
 .debug_abbrev  0x0000000000000289      0x134 Core/Src/gpio.o
 .debug_abbrev  0x00000000000003bd      0x208 Core/Src/keyboard.o
 .debug_abbrev  0x00000000000005c5      0x217 Core/Src/main.o
 .debug_abbrev  0x00000000000007dc      0x1ad Core/Src/matrix.o
 .debug_abbrev  0x0000000000000989      0x173 Core/Src/my_keymap_plain.o
 .debug_abbrev  0x0000000000000afc      0x109 Core/Src/stm32f4xx_hal_msp.o
 .debug_abbrev  0x0000000000000c05      0x164 Core/Src/stm32f4xx_it.o
 .debug_abbrev  0x0000000000000d69      0x1bb Core/Src/sysmem.o
 .debug_abbrev  0x0000000000000f24      0x12b Core/Src/system_stm32f4xx.o
 .debug_abbrev  0x000000000000104f       0x12 Core/Startup/startup_stm32f411ceux.o
 .debug_abbrev  0x0000000000001061      0x1f2 Drivers/STM32F4xx_HAL_Driver/Src/stm32f4xx_hal.o
 .debug_abbrev  0x0000000000001253      0x2fa Drivers/STM32F4xx_HAL_Driver/Src/stm32f4xx_hal_cortex.o
 .debug_abbrev  0x000000000000154d      0x1c9 Drivers/STM32F4xx_HAL_Driver/Src/stm32f4xx_hal_gpio.o
 .debug_abbrev  0x0000000000001716      0x266 Drivers/STM32F4xx_HAL_Driver/Src/stm32f4xx_hal_pcd.o
 .debug_abbrev  0x000000000000197c      0x1cf Drivers/STM32F4xx_HAL_Driver/Src/stm32f4xx_hal_pcd_ex.o
 .debug_abbrev  0x0000000000001b4b      0x245 Drivers/STM32F4xx_HAL_Driver/Src/stm32f4xx_hal_rcc.o
 .debug_abbrev  0x0000000000001d90      0x26d Drivers/STM32F4xx_HAL_Driver/Src/stm32f4xx_ll_usb.o
 .debug_abbrev  0x0000000000001ffd      0x299 Middlewares/ST/STM32_USB_Device_Library/Class/HID/Src/usbd_hid.o
 .debug_abbrev  0x0000000000002296      0x27d Middlewares/ST/STM32_USB_Device_Library/Core/Src/usbd_core.o
 .debug_abbrev  0x0000000000002513      0x2ba Middlewares/ST/STM32_USB_Device_Library/Core/Src/usbd_ctlreq.o
 .debug_abbrev  0x00000000000027cd      0x1fc Middlewares/ST/STM32_USB_Device_Library/Core/Src/usbd_ioreq.o
 .debug_abbrev  0x00000000000029c9      0x212 USB_DEVICE/App/usb_device.o
 .debug_abbrev  0x0000000000002bdb      0x265 USB_DEVICE/App/usbd_desc.o
 .debug_abbrev  0x0000000000002e40      0x2b0 USB_DEVICE/Target/usbd_conf.o

.debug_aranges  0x0000000000000000      0xbe8
 .debug_aranges
                0x0000000000000000       0x68 Core/Src/action.o
 .debug_aranges
                0x0000000000000068       0x20 Core/Src/gpio.o
 .debug_aranges
                0x0000000000000088       0x30 Core/Src/keyboard.o
 .debug_aranges
                0x00000000000000b8       0x30 Core/Src/main.o
 .debug_aranges
                0x00000000000000e8       0x60 Core/Src/matrix.o
 .debug_aranges
                0x0000000000000148       0x30 Core/Src/my_keymap_plain.o
 .debug_aranges
                0x0000000000000178       0x20 Core/Src/stm32f4xx_hal_msp.o
 .debug_aranges
                0x0000000000000198       0x68 Core/Src/stm32f4xx_it.o
 .debug_aranges
                0x0000000000000200       0x20 Core/Src/sysmem.o
 .debug_aranges
                0x0000000000000220       0x28 Core/Src/system_stm32f4xx.o
 .debug_aranges
                0x0000000000000248       0x28 Core/Startup/startup_stm32f411ceux.o
 .debug_aranges
                0x0000000000000270       0xf0 Drivers/STM32F4xx_HAL_Driver/Src/stm32f4xx_hal.o
 .debug_aranges
                0x0000000000000360      0x118 Drivers/STM32F4xx_HAL_Driver/Src/stm32f4xx_hal_cortex.o
 .debug_aranges
                0x0000000000000478       0x58 Drivers/STM32F4xx_HAL_Driver/Src/stm32f4xx_hal_gpio.o
 .debug_aranges
                0x00000000000004d0      0x130 Drivers/STM32F4xx_HAL_Driver/Src/stm32f4xx_hal_pcd.o
 .debug_aranges
                0x0000000000000600       0x38 Drivers/STM32F4xx_HAL_Driver/Src/stm32f4xx_hal_pcd_ex.o
 .debug_aranges
                0x0000000000000638       0x88 Drivers/STM32F4xx_HAL_Driver/Src/stm32f4xx_hal_rcc.o
 .debug_aranges
                0x00000000000006c0      0x198 Drivers/STM32F4xx_HAL_Driver/Src/stm32f4xx_ll_usb.o
 .debug_aranges
                0x0000000000000858       0x68 Middlewares/ST/STM32_USB_Device_Library/Class/HID/Src/usbd_hid.o
 .debug_aranges
                0x00000000000008c0       0xb8 Middlewares/ST/STM32_USB_Device_Library/Core/Src/usbd_core.o
 .debug_aranges
                0x0000000000000978       0x90 Middlewares/ST/STM32_USB_Device_Library/Core/Src/usbd_ctlreq.o
 .debug_aranges
                0x0000000000000a08       0x50 Middlewares/ST/STM32_USB_Device_Library/Core/Src/usbd_ioreq.o
 .debug_aranges
                0x0000000000000a58       0x30 USB_DEVICE/App/usb_device.o
 .debug_aranges
                0x0000000000000a88       0x60 USB_DEVICE/App/usbd_desc.o
 .debug_aranges
                0x0000000000000ae8      0x100 USB_DEVICE/Target/usbd_conf.o

.debug_ranges   0x0000000000000000      0xa78
 .debug_ranges  0x0000000000000000       0x58 Core/Src/action.o
 .debug_ranges  0x0000000000000058       0x10 Core/Src/gpio.o
 .debug_ranges  0x0000000000000068       0x38 Core/Src/keyboard.o
 .debug_ranges  0x00000000000000a0       0x20 Core/Src/main.o
 .debug_ranges  0x00000000000000c0       0x50 Core/Src/matrix.o
 .debug_ranges  0x0000000000000110       0x20 Core/Src/my_keymap_plain.o
 .debug_ranges  0x0000000000000130       0x10 Core/Src/stm32f4xx_hal_msp.o
 .debug_ranges  0x0000000000000140       0x58 Core/Src/stm32f4xx_it.o
 .debug_ranges  0x0000000000000198       0x10 Core/Src/sysmem.o
 .debug_ranges  0x00000000000001a8       0x18 Core/Src/system_stm32f4xx.o
 .debug_ranges  0x00000000000001c0       0x20 Core/Startup/startup_stm32f411ceux.o
 .debug_ranges  0x00000000000001e0       0xe0 Drivers/STM32F4xx_HAL_Driver/Src/stm32f4xx_hal.o
 .debug_ranges  0x00000000000002c0      0x108 Drivers/STM32F4xx_HAL_Driver/Src/stm32f4xx_hal_cortex.o
 .debug_ranges  0x00000000000003c8       0x48 Drivers/STM32F4xx_HAL_Driver/Src/stm32f4xx_hal_gpio.o
 .debug_ranges  0x0000000000000410      0x120 Drivers/STM32F4xx_HAL_Driver/Src/stm32f4xx_hal_pcd.o
 .debug_ranges  0x0000000000000530       0x28 Drivers/STM32F4xx_HAL_Driver/Src/stm32f4xx_hal_pcd_ex.o
 .debug_ranges  0x0000000000000558       0x78 Drivers/STM32F4xx_HAL_Driver/Src/stm32f4xx_hal_rcc.o
 .debug_ranges  0x00000000000005d0      0x188 Drivers/STM32F4xx_HAL_Driver/Src/stm32f4xx_ll_usb.o
 .debug_ranges  0x0000000000000758       0x58 Middlewares/ST/STM32_USB_Device_Library/Class/HID/Src/usbd_hid.o
 .debug_ranges  0x00000000000007b0       0xa8 Middlewares/ST/STM32_USB_Device_Library/Core/Src/usbd_core.o
 .debug_ranges  0x0000000000000858       0x80 Middlewares/ST/STM32_USB_Device_Library/Core/Src/usbd_ctlreq.o
 .debug_ranges  0x00000000000008d8       0x40 Middlewares/ST/STM32_USB_Device_Library/Core/Src/usbd_ioreq.o
 .debug_ranges  0x0000000000000918       0x20 USB_DEVICE/App/usb_device.o
 .debug_ranges  0x0000000000000938       0x50 USB_DEVICE/App/usbd_desc.o
 .debug_ranges  0x0000000000000988       0xf0 USB_DEVICE/Target/usbd_conf.o

.debug_macro    0x0000000000000000    0x19501
 .debug_macro   0x0000000000000000      0x456 Core/Src/action.o
 .debug_macro   0x0000000000000456      0xa5a Core/Src/action.o
 .debug_macro   0x0000000000000eb0      0x196 Core/Src/action.o
 .debug_macro   0x0000000000001046       0x22 Core/Src/action.o
 .debug_macro   0x0000000000001068       0x22 Core/Src/action.o
 .debug_macro   0x000000000000108a       0x8e Core/Src/action.o
 .debug_macro   0x0000000000001118       0x51 Core/Src/action.o
 .debug_macro   0x0000000000001169       0xef Core/Src/action.o
 .debug_macro   0x0000000000001258       0x6a Core/Src/action.o
 .debug_macro   0x00000000000012c2      0x1df Core/Src/action.o
 .debug_macro   0x00000000000014a1       0x10 Core/Src/action.o
 .debug_macro   0x00000000000014b1       0x28 Core/Src/action.o
 .debug_macro   0x00000000000014d9       0x46 Core/Src/action.o
 .debug_macro   0x000000000000151f       0x18 Core/Src/action.o
 .debug_macro   0x0000000000001537       0x3c Core/Src/action.o
 .debug_macro   0x0000000000001573       0x34 Core/Src/action.o
 .debug_macro   0x00000000000015a7       0x16 Core/Src/action.o
 .debug_macro   0x00000000000015bd       0x97 Core/Src/action.o
 .debug_macro   0x0000000000001654      0x330 Core/Src/action.o
 .debug_macro   0x0000000000001984       0xfd Core/Src/action.o
 .debug_macro   0x0000000000001a81       0x10 Core/Src/action.o
 .debug_macro   0x0000000000001a91       0x52 Core/Src/action.o
 .debug_macro   0x0000000000001ae3       0x1f Core/Src/action.o
 .debug_macro   0x0000000000001b02       0x43 Core/Src/action.o
 .debug_macro   0x0000000000001b45       0x20 Core/Src/action.o
 .debug_macro   0x0000000000001b65      0x1a3 Core/Src/action.o
 .debug_macro   0x0000000000001d08       0x10 Core/Src/action.o
 .debug_macro   0x0000000000001d18       0x1c Core/Src/action.o
 .debug_macro   0x0000000000001d34       0x52 Core/Src/action.o
 .debug_macro   0x0000000000001d86       0x40 Core/Src/action.o
 .debug_macro   0x0000000000001dc6       0x10 Core/Src/action.o
 .debug_macro   0x0000000000001dd6       0x40 Core/Src/action.o
 .debug_macro   0x0000000000001e16       0xd7 Core/Src/action.o
 .debug_macro   0x0000000000001eed       0x1c Core/Src/action.o
 .debug_macro   0x0000000000001f09       0x3d Core/Src/action.o
 .debug_macro   0x0000000000001f46       0x16 Core/Src/action.o
 .debug_macro   0x0000000000001f5c      0x145 Core/Src/action.o
 .debug_macro   0x00000000000020a1       0x16 Core/Src/action.o
 .debug_macro   0x00000000000020b7       0x35 Core/Src/action.o
 .debug_macro   0x00000000000020ec       0x16 Core/Src/action.o
 .debug_macro   0x0000000000002102       0x29 Core/Src/action.o
 .debug_macro   0x000000000000212b       0x16 Core/Src/action.o
 .debug_macro   0x0000000000002141       0x20 Core/Src/action.o
 .debug_macro   0x0000000000002161      0x184 Core/Src/action.o
 .debug_macro   0x00000000000022e5       0x2e Core/Src/action.o
 .debug_macro   0x0000000000002313       0x28 Core/Src/action.o
 .debug_macro   0x000000000000233b       0x1c Core/Src/action.o
 .debug_macro   0x0000000000002357       0x22 Core/Src/action.o
 .debug_macro   0x0000000000002379       0xd9 Core/Src/action.o
 .debug_macro   0x0000000000002452     0x102d Core/Src/action.o
 .debug_macro   0x000000000000347f      0x11f Core/Src/action.o
 .debug_macro   0x000000000000359e     0xb937 Core/Src/action.o
 .debug_macro   0x000000000000eed5       0x43 Core/Src/action.o
 .debug_macro   0x000000000000ef18     0x3659 Core/Src/action.o
 .debug_macro   0x0000000000012571       0x54 Core/Src/action.o
 .debug_macro   0x00000000000125c5      0x447 Core/Src/action.o
 .debug_macro   0x0000000000012a0c      0x9fe Core/Src/action.o
 .debug_macro   0x000000000001340a      0x15f Core/Src/action.o
 .debug_macro   0x0000000000013569      0x117 Core/Src/action.o
 .debug_macro   0x0000000000013680      0x11b Core/Src/action.o
 .debug_macro   0x000000000001379b       0x27 Core/Src/action.o
 .debug_macro   0x00000000000137c2      0x287 Core/Src/action.o
 .debug_macro   0x0000000000013a49       0x5f Core/Src/action.o
 .debug_macro   0x0000000000013aa8      0x236 Core/Src/action.o
 .debug_macro   0x0000000000013cde      0x132 Core/Src/action.o
 .debug_macro   0x0000000000013e10      0x264 Core/Src/action.o
 .debug_macro   0x0000000000014074       0x2e Core/Src/action.o
 .debug_macro   0x00000000000140a2      0x11a Core/Src/action.o
 .debug_macro   0x00000000000141bc       0x85 Core/Src/action.o
 .debug_macro   0x0000000000014241       0x89 Core/Src/action.o
 .debug_macro   0x00000000000142ca      0x21e Core/Src/action.o
 .debug_macro   0x00000000000144e8       0xba Core/Src/action.o
 .debug_macro   0x00000000000145a2      0x126 Core/Src/action.o
 .debug_macro   0x00000000000146c8      0x130 Core/Src/action.o
 .debug_macro   0x00000000000147f8       0x65 Core/Src/action.o
 .debug_macro   0x000000000001485d      0x1c4 Core/Src/action.o
 .debug_macro   0x0000000000014a21       0x64 Core/Src/action.o
 .debug_macro   0x0000000000014a85      0x1ed Core/Src/gpio.o
 .debug_macro   0x0000000000014c72       0xdf Core/Src/gpio.o
 .debug_macro   0x0000000000014d51      0x174 Core/Src/gpio.o
 .debug_macro   0x0000000000014ec5       0x5a Core/Src/gpio.o
 .debug_macro   0x0000000000014f1f      0x447 Core/Src/keyboard.o
 .debug_macro   0x0000000000015366       0x10 Core/Src/keyboard.o
 .debug_macro   0x0000000000015376      0x32a Core/Src/keyboard.o
 .debug_macro   0x00000000000156a0      0x136 Core/Src/keyboard.o
 .debug_macro   0x00000000000157d6      0x42f Core/Src/main.o
 .debug_macro   0x0000000000015c05       0x16 Core/Src/main.o
 .debug_macro   0x0000000000015c1b      0x20b Core/Src/matrix.o
 .debug_macro   0x0000000000015e26      0x211 Core/Src/my_keymap_plain.o
 .debug_macro   0x0000000000016037       0x16 Core/Src/my_keymap_plain.o
 .debug_macro   0x000000000001604d      0x1e3 Core/Src/stm32f4xx_hal_msp.o
 .debug_macro   0x0000000000016230      0x1ed Core/Src/stm32f4xx_it.o
 .debug_macro   0x000000000001641d      0x1ae Core/Src/sysmem.o
 .debug_macro   0x00000000000165cb      0x23b Core/Src/sysmem.o
 .debug_macro   0x0000000000016806      0x1da Core/Src/system_stm32f4xx.o
 .debug_macro   0x00000000000169e0      0x234 Drivers/STM32F4xx_HAL_Driver/Src/stm32f4xx_hal.o
 .debug_macro   0x0000000000016c14      0x1d4 Drivers/STM32F4xx_HAL_Driver/Src/stm32f4xx_hal_cortex.o
 .debug_macro   0x0000000000016de8      0x20a Drivers/STM32F4xx_HAL_Driver/Src/stm32f4xx_hal_gpio.o
 .debug_macro   0x0000000000016ff2      0x1e0 Drivers/STM32F4xx_HAL_Driver/Src/stm32f4xx_hal_pcd.o
 .debug_macro   0x00000000000171d2      0x1d4 Drivers/STM32F4xx_HAL_Driver/Src/stm32f4xx_hal_pcd_ex.o
 .debug_macro   0x00000000000173a6      0x1f8 Drivers/STM32F4xx_HAL_Driver/Src/stm32f4xx_hal_rcc.o
 .debug_macro   0x000000000001759e      0x1d4 Drivers/STM32F4xx_HAL_Driver/Src/stm32f4xx_ll_usb.o
 .debug_macro   0x0000000000017772      0x3f0 Middlewares/ST/STM32_USB_Device_Library/Class/HID/Src/usbd_hid.o
 .debug_macro   0x0000000000017b62      0x3d7 Middlewares/ST/STM32_USB_Device_Library/Core/Src/usbd_core.o
 .debug_macro   0x0000000000017f39      0x1ca Middlewares/ST/STM32_USB_Device_Library/Core/Src/usbd_core.o
 .debug_macro   0x0000000000018103      0x3e1 Middlewares/ST/STM32_USB_Device_Library/Core/Src/usbd_ctlreq.o
 .debug_macro   0x00000000000184e4      0x3dd Middlewares/ST/STM32_USB_Device_Library/Core/Src/usbd_ioreq.o
 .debug_macro   0x00000000000188c1      0x407 USB_DEVICE/App/usb_device.o
 .debug_macro   0x0000000000018cc8       0x22 USB_DEVICE/App/usb_device.o
 .debug_macro   0x0000000000018cea      0x41a USB_DEVICE/App/usbd_desc.o
 .debug_macro   0x0000000000019104       0x1c USB_DEVICE/App/usbd_desc.o
 .debug_macro   0x0000000000019120      0x3e1 USB_DEVICE/Target/usbd_conf.o

.debug_line     0x0000000000000000     0xe8a8
 .debug_line    0x0000000000000000      0xb85 Core/Src/action.o
 .debug_line    0x0000000000000b85      0x706 Core/Src/gpio.o
 .debug_line    0x000000000000128b      0xaaa Core/Src/keyboard.o
 .debug_line    0x0000000000001d35      0xa81 Core/Src/main.o
 .debug_line    0x00000000000027b6      0x8cb Core/Src/matrix.o
 .debug_line    0x0000000000003081      0x757 Core/Src/my_keymap_plain.o
 .debug_line    0x00000000000037d8      0x6e7 Core/Src/stm32f4xx_hal_msp.o
 .debug_line    0x0000000000003ebf      0x79d Core/Src/stm32f4xx_it.o
 .debug_line    0x000000000000465c      0x590 Core/Src/sysmem.o
 .debug_line    0x0000000000004bec      0x702 Core/Src/system_stm32f4xx.o
 .debug_line    0x00000000000052ee       0x85 Core/Startup/startup_stm32f411ceux.o
 .debug_line    0x0000000000005373      0x8ec Drivers/STM32F4xx_HAL_Driver/Src/stm32f4xx_hal.o
 .debug_line    0x0000000000005c5f      0xa10 Drivers/STM32F4xx_HAL_Driver/Src/stm32f4xx_hal_cortex.o
 .debug_line    0x000000000000666f      0x88f Drivers/STM32F4xx_HAL_Driver/Src/stm32f4xx_hal_gpio.o
 .debug_line    0x0000000000006efe      0xc63 Drivers/STM32F4xx_HAL_Driver/Src/stm32f4xx_hal_pcd.o
 .debug_line    0x0000000000007b61      0x745 Drivers/STM32F4xx_HAL_Driver/Src/stm32f4xx_hal_pcd_ex.o
 .debug_line    0x00000000000082a6      0x944 Drivers/STM32F4xx_HAL_Driver/Src/stm32f4xx_hal_rcc.o
 .debug_line    0x0000000000008bea      0xe16 Drivers/STM32F4xx_HAL_Driver/Src/stm32f4xx_ll_usb.o
 .debug_line    0x0000000000009a00      0xb15 Middlewares/ST/STM32_USB_Device_Library/Class/HID/Src/usbd_hid.o
 .debug_line    0x000000000000a515      0xbce Middlewares/ST/STM32_USB_Device_Library/Core/Src/usbd_core.o
 .debug_line    0x000000000000b0e3      0xcc1 Middlewares/ST/STM32_USB_Device_Library/Core/Src/usbd_ctlreq.o
 .debug_line    0x000000000000bda4      0xa4c Middlewares/ST/STM32_USB_Device_Library/Core/Src/usbd_ioreq.o
 .debug_line    0x000000000000c7f0      0xa3d USB_DEVICE/App/usb_device.o
 .debug_line    0x000000000000d22d      0xa80 USB_DEVICE/App/usbd_desc.o
 .debug_line    0x000000000000dcad      0xbfb USB_DEVICE/Target/usbd_conf.o

.debug_str      0x0000000000000000    0x8761c
 .debug_str     0x0000000000000000    0x83e10 Core/Src/action.o
                                      0x8441d (size before relaxing)
 .debug_str     0x0000000000083e10      0x1cd Core/Src/gpio.o
                                      0x7e621 (size before relaxing)
 .debug_str     0x0000000000083fdd       0xaf Core/Src/keyboard.o
                                      0x83d49 (size before relaxing)
 .debug_str     0x000000000008408c      0x187 Core/Src/main.o
                                      0x83971 (size before relaxing)
 .debug_str     0x0000000000084213       0xa8 Core/Src/matrix.o
                                      0x7e5e9 (size before relaxing)
 .debug_str     0x00000000000842bb       0x76 Core/Src/my_keymap_plain.o
                                      0x7ede7 (size before relaxing)
 .debug_str     0x0000000000084331       0x2c Core/Src/stm32f4xx_hal_msp.o
                                      0x7e586 (size before relaxing)
 .debug_str     0x000000000008435d      0x427 Core/Src/stm32f4xx_it.o
                                      0x7e8b7 (size before relaxing)
 .debug_str     0x0000000000084784      0x4e9 Core/Src/sysmem.o
                                       0x7adf (size before relaxing)
 .debug_str     0x0000000000084c6d       0xc4 Core/Src/system_stm32f4xx.o
                                      0x7e1f4 (size before relaxing)
 .debug_str     0x0000000000084d31       0x36 Core/Startup/startup_stm32f411ceux.o
                                         0x61 (size before relaxing)
 .debug_str     0x0000000000084d67      0x90a Drivers/STM32F4xx_HAL_Driver/Src/stm32f4xx_hal.o
                                      0x7eb69 (size before relaxing)
 .debug_str     0x0000000000085671      0x3a5 Drivers/STM32F4xx_HAL_Driver/Src/stm32f4xx_hal_cortex.o
                                      0x7e946 (size before relaxing)
 .debug_str     0x0000000000085a16      0x20c Drivers/STM32F4xx_HAL_Driver/Src/stm32f4xx_hal_gpio.o
                                      0x7e433 (size before relaxing)
 .debug_str     0x0000000000085c22      0x54c Drivers/STM32F4xx_HAL_Driver/Src/stm32f4xx_hal_pcd.o
                                      0x7e982 (size before relaxing)
 .debug_str     0x000000000008616e      0x13f Drivers/STM32F4xx_HAL_Driver/Src/stm32f4xx_hal_pcd_ex.o
                                      0x7e582 (size before relaxing)
 .debug_str     0x00000000000862ad      0x259 Drivers/STM32F4xx_HAL_Driver/Src/stm32f4xx_hal_rcc.o
                                      0x7e5e1 (size before relaxing)
 .debug_str     0x0000000000086506      0x66e Drivers/STM32F4xx_HAL_Driver/Src/stm32f4xx_ll_usb.o
                                      0x7eab6 (size before relaxing)
 .debug_str     0x0000000000086b74      0x260 Middlewares/ST/STM32_USB_Device_Library/Class/HID/Src/usbd_hid.o
                                      0x837ac (size before relaxing)
 .debug_str     0x0000000000086dd4      0x1a2 Middlewares/ST/STM32_USB_Device_Library/Core/Src/usbd_core.o
                                      0x8359e (size before relaxing)
 .debug_str     0x0000000000086f76      0x14d Middlewares/ST/STM32_USB_Device_Library/Core/Src/usbd_ctlreq.o
                                      0x8355c (size before relaxing)
 .debug_str     0x00000000000870c3       0xc9 Middlewares/ST/STM32_USB_Device_Library/Core/Src/usbd_ioreq.o
                                      0x834ac (size before relaxing)
 .debug_str     0x000000000008718c       0xce USB_DEVICE/App/usb_device.o
                                      0x83654 (size before relaxing)
 .debug_str     0x000000000008725a      0x26e USB_DEVICE/App/usbd_desc.o
                                      0x833fe (size before relaxing)
 .debug_str     0x00000000000874c8      0x154 USB_DEVICE/Target/usbd_conf.o
                                      0x83fd1 (size before relaxing)

.comment        0x0000000000000000       0x7b
 .comment       0x0000000000000000       0x7b Core/Src/action.o
                                         0x7c (size before relaxing)
 .comment       0x000000000000007b       0x7c Core/Src/gpio.o
 .comment       0x000000000000007b       0x7c Core/Src/keyboard.o
 .comment       0x000000000000007b       0x7c Core/Src/main.o
 .comment       0x000000000000007b       0x7c Core/Src/matrix.o
 .comment       0x000000000000007b       0x7c Core/Src/my_keymap_plain.o
 .comment       0x000000000000007b       0x7c Core/Src/stm32f4xx_hal_msp.o
 .comment       0x000000000000007b       0x7c Core/Src/stm32f4xx_it.o
 .comment       0x000000000000007b       0x7c Core/Src/sysmem.o
 .comment       0x000000000000007b       0x7c Core/Src/system_stm32f4xx.o
 .comment       0x000000000000007b       0x7c Drivers/STM32F4xx_HAL_Driver/Src/stm32f4xx_hal.o
 .comment       0x000000000000007b       0x7c Drivers/STM32F4xx_HAL_Driver/Src/stm32f4xx_hal_cortex.o
 .comment       0x000000000000007b       0x7c Drivers/STM32F4xx_HAL_Driver/Src/stm32f4xx_hal_gpio.o
 .comment       0x000000000000007b       0x7c Drivers/STM32F4xx_HAL_Driver/Src/stm32f4xx_hal_pcd.o
 .comment       0x000000000000007b       0x7c Drivers/STM32F4xx_HAL_Driver/Src/stm32f4xx_hal_pcd_ex.o
 .comment       0x000000000000007b       0x7c Drivers/STM32F4xx_HAL_Driver/Src/stm32f4xx_hal_rcc.o
 .comment       0x000000000000007b       0x7c Drivers/STM32F4xx_HAL_Driver/Src/stm32f4xx_ll_usb.o